latent: 29.2M params, 544 tokens, mix [('bios', 0.5), ('qa', 0.5)], 16 world(s), 10000 steps × 64×256
step    100 loss 9.7579 (lm 4.5793, hop 10.3572; retrieval h0 0% h1 0% h2 0%) gnorm 1.98 lr 1.98e-04 27,834 tok/s (70% trained)
step    200 loss 6.1842 (lm 2.5567, hop 7.2549; retrieval h0 5% h1 0% h2 1%) gnorm 7.14 lr 3.98e-04 29,473 tok/s (70% trained)
step    300 loss 2.9142 (lm 1.6424, hop 2.5436; retrieval h0 68% h1 0% h2 1%) gnorm 3.02 lr 5.98e-04 28,255 tok/s (70% trained)
step    400 loss 1.8371 (lm 1.2075, hop 1.2593; retrieval h0 94% h1 6% h2 1%) gnorm 3.22 lr 7.98e-04 28,358 tok/s (70% trained)
step    500 loss 1.2090 (lm 0.8150, hop 0.7881; retrieval h0 97% h1 45% h2 1%) gnorm 3.23 lr 9.98e-04 27,867 tok/s (70% trained)
step    600 loss 1.0818 (lm 0.7649, hop 0.6336; retrieval h0 97% h1 71% h2 4%) gnorm 2.32 lr 1.00e-03 8,861 tok/s (70% trained)
step    700 loss 0.9564 (lm 0.7153, hop 0.4822; retrieval h0 98% h1 80% h2 20%) gnorm 2.21 lr 9.99e-04 25,449 tok/s (70% trained)
step    800 loss 0.8523 (lm 0.6742, hop 0.3562; retrieval h0 98% h1 85% h2 39%) gnorm 3.20 lr 9.98e-04 26,737 tok/s (70% trained)
step    900 loss 0.7861 (lm 0.6493, hop 0.2737; retrieval h0 98% h1 87% h2 55%) gnorm 2.24 lr 9.96e-04 27,316 tok/s (70% trained)
step   1000 loss 0.7368 (lm 0.6310, hop 0.2116; retrieval h0 99% h1 91% h2 67%) gnorm 1.29 lr 9.94e-04 27,126 tok/s (70% trained)
step   1100 loss 0.6941 (lm 0.6096, hop 0.1690; retrieval h0 99% h1 92% h2 78%) gnorm 2.20 lr 9.91e-04 26,904 tok/s (70% trained)
step   1200 loss 0.6666 (lm 0.5859, hop 0.1614; retrieval h0 99% h1 93% h2 84%) gnorm 1.93 lr 9.88e-04 26,561 tok/s (70% trained)
step   1300 loss 0.6017 (lm 0.5535, hop 0.0964; retrieval h0 99% h1 96% h2 91%) gnorm 1.88 lr 9.84e-04 27,783 tok/s (70% trained)
step   1400 loss 0.6090 (lm 0.5491, hop 0.1197; retrieval h0 99% h1 95% h2 91%) gnorm 1.18 lr 9.80e-04 26,403 tok/s (70% trained)
step   1500 loss 0.5794 (lm 0.5380, hop 0.0828; retrieval h0 99% h1 96% h2 93%) gnorm 1.32 lr 9.76e-04 28,624 tok/s (70% trained)
step   1600 loss 0.5722 (lm 0.5336, hop 0.0771; retrieval h0 99% h1 96% h2 94%) gnorm 1.23 lr 9.71e-04 28,116 tok/s (70% trained)
step   1700 loss 0.5649 (lm 0.5283, hop 0.0731; retrieval h0 99% h1 96% h2 94%) gnorm 0.80 lr 9.65e-04 26,728 tok/s (71% trained)
step   1800 loss 0.5647 (lm 0.5267, hop 0.0760; retrieval h0 99% h1 97% h2 95%) gnorm 1.05 lr 9.59e-04 28,254 tok/s (70% trained)
step   1900 loss 0.5465 (lm 0.5207, hop 0.0517; retrieval h0 100% h1 98% h2 96%) gnorm 1.86 lr 9.53e-04 27,284 tok/s (70% trained)
step   2000 loss 0.5413 (lm 0.5164, hop 0.0498; retrieval h0 100% h1 98% h2 96%) gnorm 2.15 lr 9.46e-04 24,278 tok/s (70% trained)
 test_1hop_ood: 1hop 94.5% (n=200, ret 100%) · all 94.5% (n=200, ret 100%)
       test_id: 2hop 89.0% (n=200, ret 100%/100%) · 3hop 92.5% (n=200, ret 100%/98%/97%) · all 90.8% (n=400, ret 100%/98%/97%)
      test_ood: 2hop 86.0% (n=200, ret 99%/98%) · 3hop 90.5% (n=200, ret 100%/99%/97%) · all 88.2% (n=400, ret 99%/98%/97%)
step   2100 loss 0.5368 (lm 0.5145, hop 0.0445; retrieval h0 100% h1 98% h2 96%) gnorm 0.83 lr 9.39e-04 17,448 tok/s (70% trained)
step   2200 loss 0.5402 (lm 0.5140, hop 0.0524; retrieval h0 100% h1 98% h2 97%) gnorm 1.16 lr 9.31e-04 27,068 tok/s (70% trained)
step   2300 loss 0.5325 (lm 0.5110, hop 0.0430; retrieval h0 100% h1 98% h2 97%) gnorm 0.26 lr 9.23e-04 29,769 tok/s (70% trained)
step   2400 loss 0.5291 (lm 0.5089, hop 0.0405; retrieval h0 100% h1 98% h2 97%) gnorm 0.35 lr 9.14e-04 30,043 tok/s (70% trained)
step   2500 loss 0.5208 (lm 0.5061, hop 0.0293; retrieval h0 100% h1 99% h2 98%) gnorm 0.70 lr 9.05e-04 28,068 tok/s (70% trained)
step   2600 loss 0.5263 (lm 0.5074, hop 0.0379; retrieval h0 100% h1 98% h2 97%) gnorm 2.19 lr 8.96e-04 29,447 tok/s (70% trained)
step   2700 loss 0.5163 (lm 0.5028, hop 0.0270; retrieval h0 100% h1 99% h2 98%) gnorm 0.30 lr 8.86e-04 29,803 tok/s (70% trained)
step   2800 loss 0.5166 (lm 0.5028, hop 0.0275; retrieval h0 100% h1 99% h2 98%) gnorm 1.13 lr 8.76e-04 28,928 tok/s (70% trained)
step   2900 loss 0.5143 (lm 0.5019, hop 0.0248; retrieval h0 100% h1 99% h2 98%) gnorm 0.47 lr 8.66e-04 29,775 tok/s (70% trained)
step   3000 loss 0.5134 (lm 0.5016, hop 0.0236; retrieval h0 100% h1 99% h2 99%) gnorm 0.40 lr 8.55e-04 30,033 tok/s (70% trained)
step   3100 loss 0.5139 (lm 0.5003, hop 0.0271; retrieval h0 100% h1 99% h2 98%) gnorm 1.00 lr 8.44e-04 30,543 tok/s (70% trained)
step   3200 loss 0.5118 (lm 0.4992, hop 0.0252; retrieval h0 100% h1 99% h2 98%) gnorm 0.20 lr 8.32e-04 30,564 tok/s (70% trained)
step   3300 loss 0.5098 (lm 0.4978, hop 0.0242; retrieval h0 100% h1 99% h2 99%) gnorm 0.97 lr 8.21e-04 30,391 tok/s (70% trained)
step   3400 loss 0.5091 (lm 0.4991, hop 0.0202; retrieval h0 100% h1 99% h2 98%) gnorm 0.26 lr 8.09e-04 30,497 tok/s (70% trained)
step   3500 loss 0.5044 (lm 0.4967, hop 0.0154; retrieval h0 100% h1 99% h2 99%) gnorm 0.08 lr 7.96e-04 30,491 tok/s (70% trained)
step   3600 loss 0.5021 (lm 0.4945, hop 0.0152; retrieval h0 100% h1 99% h2 99%) gnorm 0.21 lr 7.84e-04 30,479 tok/s (70% trained)
step   3700 loss 0.5034 (lm 0.4946, hop 0.0176; retrieval h0 100% h1 99% h2 99%) gnorm 1.91 lr 7.71e-04 30,349 tok/s (70% trained)
step   3800 loss 0.5028 (lm 0.4948, hop 0.0160; retrieval h0 100% h1 99% h2 99%) gnorm 3.43 lr 7.58e-04 30,353 tok/s (70% trained)
step   3900 loss 0.5007 (lm 0.4937, hop 0.0141; retrieval h0 100% h1 99% h2 99%) gnorm 0.64 lr 7.44e-04 29,510 tok/s (70% trained)
step   4000 loss 0.5032 (lm 0.4944, hop 0.0176; retrieval h0 100% h1 99% h2 99%) gnorm 0.13 lr 7.31e-04 29,571 tok/s (70% trained)
 test_1hop_ood: 1hop 100.0% (n=200, ret 100%) · all 100.0% (n=200, ret 100%)
       test_id: 2hop 98.5% (n=200, ret 100%/100%) · 3hop 94.5% (n=200, ret 100%/97%/96%) · all 96.5% (n=400, ret 100%/98%/96%)
      test_ood: 2hop 98.0% (n=200, ret 100%/100%) · 3hop 98.0% (n=200, ret 100%/99%/98%) · all 98.0% (n=400, ret 100%/100%/98%)
step   4100 loss 0.4974 (lm 0.4917, hop 0.0115; retrieval h0 100% h1 100% h2 99%) gnorm 0.20 lr 7.17e-04 22,262 tok/s (70% trained)
step   4200 loss 0.4985 (lm 0.4925, hop 0.0120; retrieval h0 100% h1 100% h2 99%) gnorm 0.36 lr 7.03e-04 27,688 tok/s (70% trained)
step   4300 loss 0.5013 (lm 0.4928, hop 0.0170; retrieval h0 100% h1 99% h2 99%) gnorm 0.20 lr 6.89e-04 26,907 tok/s (70% trained)
step   4400 loss 0.4938 (lm 0.4902, hop 0.0071; retrieval h0 100% h1 100% h2 100%) gnorm 1.53 lr 6.75e-04 27,200 tok/s (70% trained)
step   4500 loss 0.4957 (lm 0.4914, hop 0.0086; retrieval h0 100% h1 100% h2 100%) gnorm 0.11 lr 6.61e-04 28,691 tok/s (70% trained)
step   4600 loss 0.4947 (lm 0.4914, hop 0.0067; retrieval h0 100% h1 100% h2 99%) gnorm 0.13 lr 6.46e-04 27,862 tok/s (70% trained)
step   4700 loss 0.4952 (lm 0.4905, hop 0.0095; retrieval h0 100% h1 100% h2 100%) gnorm 1.23 lr 6.32e-04 27,280 tok/s (70% trained)
step   4800 loss 0.4969 (lm 0.4916, hop 0.0107; retrieval h0 100% h1 100% h2 99%) gnorm 0.32 lr 6.17e-04 26,578 tok/s (70% trained)
step   4900 loss 0.4933 (lm 0.4905, hop 0.0054; retrieval h0 100% h1 100% h2 100%) gnorm 0.48 lr 6.02e-04 28,493 tok/s (70% trained)
step   5000 loss 0.4917 (lm 0.4891, hop 0.0051; retrieval h0 100% h1 100% h2 100%) gnorm 0.08 lr 5.87e-04 26,947 tok/s (70% trained)
step   5100 loss 0.4898 (lm 0.4881, hop 0.0035; retrieval h0 100% h1 100% h2 100%) gnorm 0.10 lr 5.72e-04 27,068 tok/s (70% trained)
step   5200 loss 0.4892 (lm 0.4879, hop 0.0027; retrieval h0 100% h1 100% h2 100%) gnorm 1.33 lr 5.58e-04 28,429 tok/s (70% trained)
step   5300 loss 0.4881 (lm 0.4873, hop 0.0016; retrieval h0 100% h1 100% h2 100%) gnorm 0.10 lr 5.43e-04 29,716 tok/s (70% trained)
step   5400 loss 0.4907 (lm 0.4893, hop 0.0028; retrieval h0 100% h1 100% h2 100%) gnorm 0.41 lr 5.28e-04 29,892 tok/s (70% trained)
step   5500 loss 0.4912 (lm 0.4881, hop 0.0062; retrieval h0 100% h1 100% h2 100%) gnorm 0.12 lr 5.13e-04 29,292 tok/s (70% trained)
step   5600 loss 0.4879 (lm 0.4865, hop 0.0029; retrieval h0 100% h1 100% h2 100%) gnorm 0.23 lr 4.98e-04 29,557 tok/s (70% trained)
step   5700 loss 0.4896 (lm 0.4870, hop 0.0053; retrieval h0 100% h1 100% h2 100%) gnorm 0.08 lr 4.83e-04 27,387 tok/s (70% trained)
step   5800 loss 0.4877 (lm 0.4867, hop 0.0021; retrieval h0 100% h1 100% h2 100%) gnorm 0.07 lr 4.69e-04 27,749 tok/s (70% trained)
step   5900 loss 0.4882 (lm 0.4863, hop 0.0039; retrieval h0 100% h1 100% h2 100%) gnorm 0.16 lr 4.54e-04 29,792 tok/s (70% trained)
step   6000 loss 0.4862 (lm 0.4848, hop 0.0027; retrieval h0 100% h1 100% h2 100%) gnorm 0.33 lr 4.40e-04 29,027 tok/s (70% trained)
 test_1hop_ood: 1hop 100.0% (n=200, ret 100%) · all 100.0% (n=200, ret 100%)
       test_id: 2hop 100.0% (n=200, ret 100%/100%) · 3hop 100.0% (n=200, ret 100%/100%/100%) · all 100.0% (n=400, ret 100%/100%/100%)
      test_ood: 2hop 100.0% (n=200, ret 100%/100%) · 3hop 100.0% (n=200, ret 100%/100%/100%) · all 100.0% (n=400, ret 100%/100%/100%)
step   6100 loss 0.4862 (lm 0.4844, hop 0.0036; retrieval h0 100% h1 100% h2 100%) gnorm 0.08 lr 4.25e-04 25,709 tok/s (70% trained)
step   6200 loss 0.4889 (lm 0.4878, hop 0.0022; retrieval h0 100% h1 100% h2 100%) gnorm 0.07 lr 4.11e-04 28,672 tok/s (70% trained)
step   6300 loss 0.4863 (lm 0.4852, hop 0.0022; retrieval h0 100% h1 100% h2 100%) gnorm 0.08 lr 3.97e-04 19,071 tok/s (70% trained)
step   6400 loss 0.4875 (lm 0.4865, hop 0.0021; retrieval h0 100% h1 100% h2 100%) gnorm 0.06 lr 3.83e-04 28,312 tok/s (70% trained)
step   6500 loss 0.4858 (lm 0.4853, hop 0.0009; retrieval h0 100% h1 100% h2 100%) gnorm 0.07 lr 3.69e-04 27,430 tok/s (70% trained)
step   6600 loss 0.4844 (lm 0.4837, hop 0.0014; retrieval h0 100% h1 100% h2 100%) gnorm 0.10 lr 3.56e-04 27,805 tok/s (70% trained)
step   6700 loss 0.4878 (lm 0.4865, hop 0.0024; retrieval h0 100% h1 100% h2 100%) gnorm 0.06 lr 3.43e-04 29,264 tok/s (70% trained)
step   6800 loss 0.4846 (lm 0.4841, hop 0.0010; retrieval h0 100% h1 100% h2 100%) gnorm 0.07 lr 3.29e-04 29,686 tok/s (70% trained)
step   6900 loss 0.4841 (lm 0.4840, hop 0.0002; retrieval h0 100% h1 100% h2 100%) gnorm 0.06 lr 3.17e-04 27,556 tok/s (70% trained)
step   7000 loss 0.4848 (lm 0.4847, hop 0.0003; retrieval h0 100% h1 100% h2 100%) gnorm 0.14 lr 3.04e-04 28,041 tok/s (70% trained)
step   7100 loss 0.4854 (lm 0.4849, hop 0.0010; retrieval h0 100% h1 100% h2 100%) gnorm 0.06 lr 2.92e-04 28,390 tok/s (70% trained)
step   7200 loss 0.4842 (lm 0.4840, hop 0.0004; retrieval h0 100% h1 100% h2 100%) gnorm 0.08 lr 2.80e-04 29,637 tok/s (70% trained)
step   7300 loss 0.4844 (lm 0.4839, hop 0.0010; retrieval h0 100% h1 100% h2 100%) gnorm 0.60 lr 2.68e-04 29,667 tok/s (70% trained)
step   7400 loss 0.4839 (lm 0.4830, hop 0.0018; retrieval h0 100% h1 100% h2 100%) gnorm 0.08 lr 2.56e-04 29,919 tok/s (70% trained)
step   7500 loss 0.4846 (lm 0.4840, hop 0.0012; retrieval h0 100% h1 100% h2 100%) gnorm 0.05 lr 2.45e-04 28,452 tok/s (70% trained)
step   7600 loss 0.4840 (lm 0.4837, hop 0.0007; retrieval h0 100% h1 100% h2 100%) gnorm 0.06 lr 2.35e-04 29,338 tok/s (70% trained)
step   7700 loss 0.4844 (lm 0.4834, hop 0.0020; retrieval h0 100% h1 100% h2 100%) gnorm 0.18 lr 2.24e-04 27,949 tok/s (70% trained)
step   7800 loss 0.4826 (lm 0.4824, hop 0.0003; retrieval h0 100% h1 100% h2 100%) gnorm 0.07 lr 2.14e-04 30,908 tok/s (70% trained)
step   7900 loss 0.4837 (lm 0.4836, hop 0.0001; retrieval h0 100% h1 100% h2 100%) gnorm 0.07 lr 2.04e-04 28,770 tok/s (70% trained)
step   8000 loss 0.4825 (lm 0.4824, hop 0.0001; retrieval h0 100% h1 100% h2 100%) gnorm 0.06 lr 1.95e-04 30,900 tok/s (70% trained)
 test_1hop_ood: 1hop 100.0% (n=200, ret 100%) · all 100.0% (n=200, ret 100%)
       test_id: 2hop 100.0% (n=200, ret 100%/100%) · 3hop 100.0% (n=200, ret 100%/100%/100%) · all 100.0% (n=400, ret 100%/100%/100%)
      test_ood: 2hop 100.0% (n=200, ret 100%/100%) · 3hop 100.0% (n=200, ret 100%/100%/100%) · all 100.0% (n=400, ret 100%/100%/100%)
step   8100 loss 0.4831 (lm 0.4830, hop 0.0001; retrieval h0 100% h1 100% h2 100%) gnorm 0.06 lr 1.86e-04 25,548 tok/s (70% trained)
step   8200 loss 0.4829 (lm 0.4829, hop 0.0001; retrieval h0 100% h1 100% h2 100%) gnorm 0.06 lr 1.77e-04 30,335 tok/s (70% trained)
step   8300 loss 0.4832 (lm 0.4832, hop 0.0001; retrieval h0 100% h1 100% h2 100%) gnorm 0.06 lr 1.69e-04 29,053 tok/s (70% trained)
step   8400 loss 0.4832 (lm 0.4828, hop 0.0008; retrieval h0 100% h1 100% h2 100%) gnorm 0.06 lr 1.62e-04 30,057 tok/s (70% trained)
step   8500 loss 0.4821 (lm 0.4821, hop 0.0000; retrieval h0 100% h1 100% h2 100%) gnorm 0.06 lr 1.54e-04 29,303 tok/s (70% trained)
step   8600 loss 0.4827 (lm 0.4827, hop 0.0002; retrieval h0 100% h1 100% h2 100%) gnorm 0.06 lr 1.47e-04 29,675 tok/s (70% trained)
step   8700 loss 0.4821 (lm 0.4821, hop 0.0001; retrieval h0 100% h1 100% h2 100%) gnorm 0.06 lr 1.41e-04 28,485 tok/s (70% trained)
step   8800 loss 0.4815 (lm 0.4815, hop 0.0000; retrieval h0 100% h1 100% h2 100%) gnorm 0.06 lr 1.35e-04 29,145 tok/s (70% trained)
step   8900 loss 0.4817 (lm 0.4817, hop 0.0000; retrieval h0 100% h1 100% h2 100%) gnorm 0.06 lr 1.29e-04 29,743 tok/s (70% trained)
step   9000 loss 0.4818 (lm 0.4818, hop 0.0000; retrieval h0 100% h1 100% h2 100%) gnorm 0.07 lr 1.24e-04 29,722 tok/s (70% trained)
step   9100 loss 0.4818 (lm 0.4818, hop 0.0000; retrieval h0 100% h1 100% h2 100%) gnorm 0.06 lr 1.20e-04 28,560 tok/s (70% trained)
step   9200 loss 0.4816 (lm 0.4816, hop 0.0000; retrieval h0 100% h1 100% h2 100%) gnorm 0.06 lr 1.16e-04 29,805 tok/s (70% trained)
step   9300 loss 0.4838 (lm 0.4828, hop 0.0020; retrieval h0 100% h1 100% h2 100%) gnorm 0.06 lr 1.12e-04 30,201 tok/s (70% trained)
step   9400 loss 0.4827 (lm 0.4827, hop 0.0001; retrieval h0 100% h1 100% h2 100%) gnorm 0.06 lr 1.09e-04 29,400 tok/s (70% trained)
step   9500 loss 0.4811 (lm 0.4811, hop 0.0001; retrieval h0 100% h1 100% h2 100%) gnorm 0.06 lr 1.06e-04 30,157 tok/s (70% trained)
step   9600 loss 0.4821 (lm 0.4820, hop 0.0000; retrieval h0 100% h1 100% h2 100%) gnorm 0.06 lr 1.04e-04 29,047 tok/s (70% trained)
step   9700 loss 0.4826 (lm 0.4826, hop 0.0000; retrieval h0 100% h1 100% h2 100%) gnorm 0.07 lr 1.02e-04 29,531 tok/s (70% trained)
step   9800 loss 0.4827 (lm 0.4826, hop 0.0001; retrieval h0 100% h1 100% h2 100%) gnorm 0.06 lr 1.01e-04 29,809 tok/s (70% trained)
step   9900 loss 0.4826 (lm 0.4825, hop 0.0001; retrieval h0 100% h1 100% h2 100%) gnorm 0.06 lr 1.00e-04 29,955 tok/s (71% trained)
step  10000 loss 0.4827 (lm 0.4827, hop 0.0000; retrieval h0 100% h1 100% h2 100%) gnorm 0.06 lr 1.00e-04 29,978 tok/s (71% trained)
 test_1hop_ood: 1hop 100.0% (n=200, ret 100%) · all 100.0% (n=200, ret 100%)
       test_id: 2hop 100.0% (n=200, ret 100%/100%) · 3hop 100.0% (n=200, ret 100%/100%/100%) · all 100.0% (n=400, ret 100%/100%/100%)
      test_ood: 2hop 100.0% (n=200, ret 100%/100%) · 3hop 100.0% (n=200, ret 100%/100%/100%) · all 100.0% (n=400, ret 100%/100%/100%)
saved runs/latent-multi/checkpoints/final
