context: 25.5M params, 544 tokens, mix [('qa', 1.0)], 10000 steps × 64×256
step    100 loss 4.0886 gnorm 4.20 lr 1.98e-04 66,584 tok/s (2% trained)
step    200 loss 2.4334 gnorm 1.94 lr 3.98e-04 69,861 tok/s (2% trained)
step    300 loss 2.0470 gnorm 1.76 lr 5.98e-04 69,945 tok/s (2% trained)
step    400 loss 1.9868 gnorm 1.55 lr 7.98e-04 70,839 tok/s (2% trained)
step    500 loss 1.8926 gnorm 1.87 lr 9.98e-04 69,218 tok/s (2% trained)
step    600 loss 1.8582 gnorm 1.48 lr 1.00e-03 62,131 tok/s (2% trained)
step    700 loss 1.7507 gnorm 1.47 lr 9.99e-04 65,797 tok/s (2% trained)
step    800 loss 1.7274 gnorm 1.55 lr 9.98e-04 69,536 tok/s (2% trained)
step    900 loss 1.6714 gnorm 1.51 lr 9.96e-04 68,545 tok/s (2% trained)
step   1000 loss 1.6561 gnorm 1.33 lr 9.94e-04 67,549 tok/s (2% trained)
step   1100 loss 1.6281 gnorm 1.30 lr 9.91e-04 61,460 tok/s (2% trained)
step   1200 loss 1.6073 gnorm 1.24 lr 9.88e-04 56,467 tok/s (2% trained)
step   1300 loss 1.5837 gnorm 1.19 lr 9.84e-04 54,691 tok/s (2% trained)
step   1400 loss 1.5715 gnorm 1.07 lr 9.80e-04 56,812 tok/s (2% trained)
step   1500 loss 1.5388 gnorm 1.29 lr 9.76e-04 55,940 tok/s (2% trained)
step   1600 loss 1.5156 gnorm 1.23 lr 9.71e-04 58,583 tok/s (2% trained)
step   1700 loss 1.4764 gnorm 1.30 lr 9.65e-04 61,077 tok/s (2% trained)
step   1800 loss 1.4505 gnorm 1.14 lr 9.59e-04 59,885 tok/s (2% trained)
step   1900 loss 1.4208 gnorm 1.29 lr 9.53e-04 64,438 tok/s (2% trained)
step   2000 loss 1.4170 gnorm 1.20 lr 9.46e-04 65,286 tok/s (2% trained)
 test_1hop_ood: 1hop 12.0% (n=200) · all 12.0% (n=200)
       test_id: 2hop 32.0% (n=200) · 3hop 45.5% (n=200) · all 38.8% (n=400)
      test_ood: 2hop 33.5% (n=200) · 3hop 35.0% (n=200) · all 34.2% (n=400)
step   2100 loss 1.3775 gnorm 1.20 lr 9.39e-04 52,244 tok/s (2% trained)
step   2200 loss 1.3878 gnorm 1.25 lr 9.31e-04 62,239 tok/s (2% trained)
step   2300 loss 1.2847 gnorm 1.23 lr 9.23e-04 62,774 tok/s (2% trained)
step   2400 loss 1.3220 gnorm 1.79 lr 9.14e-04 62,436 tok/s (2% trained)
step   2500 loss 1.3222 gnorm 1.55 lr 9.05e-04 64,459 tok/s (2% trained)
step   2600 loss 1.2665 gnorm 1.23 lr 8.96e-04 60,116 tok/s (2% trained)
step   2700 loss 1.2809 gnorm 1.23 lr 8.86e-04 66,015 tok/s (2% trained)
step   2800 loss 1.2519 gnorm 1.35 lr 8.76e-04 67,604 tok/s (2% trained)
step   2900 loss 1.2305 gnorm 1.06 lr 8.66e-04 68,163 tok/s (2% trained)
step   3000 loss 1.2310 gnorm 1.69 lr 8.55e-04 67,909 tok/s (2% trained)
step   3100 loss 1.1983 gnorm 1.14 lr 8.44e-04 61,051 tok/s (2% trained)
step   3200 loss 1.2500 gnorm 1.12 lr 8.32e-04 67,855 tok/s (2% trained)
step   3300 loss 1.1996 gnorm 1.06 lr 8.21e-04 65,054 tok/s (2% trained)
step   3400 loss 1.2046 gnorm 1.00 lr 8.09e-04 59,692 tok/s (2% trained)
step   3500 loss 1.1749 gnorm 2.05 lr 7.96e-04 66,198 tok/s (2% trained)
step   3600 loss 1.1760 gnorm 1.21 lr 7.84e-04 66,701 tok/s (2% trained)
step   3700 loss 1.1662 gnorm 1.14 lr 7.71e-04 67,802 tok/s (2% trained)
step   3800 loss 1.1605 gnorm 1.05 lr 7.58e-04 69,248 tok/s (2% trained)
step   3900 loss 1.1567 gnorm 1.97 lr 7.44e-04 70,878 tok/s (2% trained)
step   4000 loss 1.1548 gnorm 1.30 lr 7.31e-04 65,510 tok/s (2% trained)
 test_1hop_ood: 1hop 13.0% (n=200) · all 13.0% (n=200)
       test_id: 2hop 30.5% (n=200) · 3hop 56.0% (n=200) · all 43.2% (n=400)
      test_ood: 2hop 38.0% (n=200) · 3hop 49.0% (n=200) · all 43.5% (n=400)
step   4100 loss 1.1130 gnorm 1.11 lr 7.17e-04 56,982 tok/s (2% trained)
step   4200 loss 1.0958 gnorm 1.05 lr 7.03e-04 67,478 tok/s (2% trained)
step   4300 loss 1.1079 gnorm 1.14 lr 6.89e-04 67,088 tok/s (2% trained)
step   4400 loss 1.0901 gnorm 0.98 lr 6.75e-04 68,489 tok/s (2% trained)
step   4500 loss 1.0762 gnorm 1.19 lr 6.61e-04 68,424 tok/s (2% trained)
step   4600 loss 1.0757 gnorm 0.93 lr 6.46e-04 67,943 tok/s (2% trained)
step   4700 loss 1.0493 gnorm 1.06 lr 6.32e-04 68,306 tok/s (2% trained)
step   4800 loss 1.0079 gnorm 1.06 lr 6.17e-04 68,138 tok/s (2% trained)
step   4900 loss 1.0585 gnorm 1.03 lr 6.02e-04 66,987 tok/s (2% trained)
step   5000 loss 1.0269 gnorm 0.98 lr 5.87e-04 68,044 tok/s (2% trained)
step   5100 loss 1.0132 gnorm 1.12 lr 5.72e-04 67,506 tok/s (2% trained)
step   5200 loss 0.9846 gnorm 1.06 lr 5.58e-04 64,262 tok/s (2% trained)
step   5300 loss 1.0081 gnorm 1.01 lr 5.43e-04 67,276 tok/s (2% trained)
step   5400 loss 0.9834 gnorm 0.94 lr 5.28e-04 67,594 tok/s (2% trained)
step   5500 loss 0.9672 gnorm 1.03 lr 5.13e-04 68,316 tok/s (2% trained)
step   5600 loss 0.9655 gnorm 0.93 lr 4.98e-04 68,173 tok/s (2% trained)
step   5700 loss 0.9259 gnorm 0.92 lr 4.83e-04 64,238 tok/s (2% trained)
step   5800 loss 0.9345 gnorm 0.91 lr 4.69e-04 68,451 tok/s (2% trained)
step   5900 loss 0.9149 gnorm 0.97 lr 4.54e-04 69,659 tok/s (2% trained)
step   6000 loss 0.8971 gnorm 0.94 lr 4.40e-04 68,396 tok/s (2% trained)
 test_1hop_ood: 1hop 19.0% (n=200) · all 19.0% (n=200)
       test_id: 2hop 40.0% (n=200) · 3hop 55.0% (n=200) · all 47.5% (n=400)
      test_ood: 2hop 42.5% (n=200) · 3hop 53.5% (n=200) · all 48.0% (n=400)
step   6100 loss 0.9141 gnorm 1.01 lr 4.25e-04 59,141 tok/s (2% trained)
step   6200 loss 0.8953 gnorm 0.82 lr 4.11e-04 64,898 tok/s (2% trained)
step   6300 loss 0.8898 gnorm 0.97 lr 3.97e-04 65,611 tok/s (2% trained)
step   6400 loss 0.8819 gnorm 0.96 lr 3.83e-04 65,655 tok/s (2% trained)
step   6500 loss 0.8586 gnorm 1.05 lr 3.69e-04 64,909 tok/s (2% trained)
step   6600 loss 0.8855 gnorm 0.79 lr 3.56e-04 66,119 tok/s (2% trained)
step   6700 loss 0.8682 gnorm 0.79 lr 3.43e-04 68,174 tok/s (2% trained)
step   6800 loss 0.8563 gnorm 0.92 lr 3.29e-04 68,083 tok/s (2% trained)
step   6900 loss 0.8199 gnorm 0.98 lr 3.17e-04 68,777 tok/s (2% trained)
step   7000 loss 0.8249 gnorm 0.95 lr 3.04e-04 69,717 tok/s (2% trained)
step   7100 loss 0.8137 gnorm 0.89 lr 2.92e-04 60,323 tok/s (2% trained)
step   7200 loss 0.8126 gnorm 0.95 lr 2.80e-04 60,442 tok/s (2% trained)
step   7300 loss 0.7926 gnorm 0.90 lr 2.68e-04 67,364 tok/s (2% trained)
step   7400 loss 0.7754 gnorm 0.92 lr 2.56e-04 68,691 tok/s (2% trained)
step   7500 loss 0.7789 gnorm 0.85 lr 2.45e-04 69,752 tok/s (2% trained)
step   7600 loss 0.7669 gnorm 0.91 lr 2.35e-04 70,229 tok/s (2% trained)
step   7700 loss 0.7640 gnorm 0.86 lr 2.24e-04 70,753 tok/s (2% trained)
step   7800 loss 0.7347 gnorm 0.82 lr 2.14e-04 70,588 tok/s (2% trained)
step   7900 loss 0.7437 gnorm 0.90 lr 2.04e-04 70,251 tok/s (2% trained)
step   8000 loss 0.7412 gnorm 0.93 lr 1.95e-04 69,060 tok/s (2% trained)
 test_1hop_ood: 1hop 15.5% (n=200) · all 15.5% (n=200)
       test_id: 2hop 41.5% (n=200) · 3hop 63.0% (n=200) · all 52.2% (n=400)
      test_ood: 2hop 41.0% (n=200) · 3hop 62.5% (n=200) · all 51.7% (n=400)
step   8100 loss 0.7204 gnorm 0.95 lr 1.86e-04 59,931 tok/s (2% trained)
step   8200 loss 0.7078 gnorm 0.94 lr 1.77e-04 65,107 tok/s (2% trained)
step   8300 loss 0.7139 gnorm 0.83 lr 1.69e-04 63,506 tok/s (2% trained)
step   8400 loss 0.6925 gnorm 0.94 lr 1.62e-04 63,695 tok/s (2% trained)
step   8500 loss 0.6652 gnorm 0.80 lr 1.54e-04 62,650 tok/s (2% trained)
step   8600 loss 0.6792 gnorm 0.87 lr 1.47e-04 63,678 tok/s (2% trained)
step   8700 loss 0.6748 gnorm 0.80 lr 1.41e-04 63,032 tok/s (2% trained)
step   8800 loss 0.6829 gnorm 0.91 lr 1.35e-04 61,792 tok/s (2% trained)
step   8900 loss 0.6859 gnorm 1.03 lr 1.29e-04 63,055 tok/s (2% trained)
step   9000 loss 0.6604 gnorm 0.93 lr 1.24e-04 66,697 tok/s (2% trained)
step   9100 loss 0.6550 gnorm 0.99 lr 1.20e-04 67,354 tok/s (2% trained)
step   9200 loss 0.6688 gnorm 0.92 lr 1.16e-04 67,219 tok/s (2% trained)
step   9300 loss 0.6552 gnorm 0.89 lr 1.12e-04 66,038 tok/s (2% trained)
step   9400 loss 0.6353 gnorm 0.84 lr 1.09e-04 67,357 tok/s (2% trained)
step   9500 loss 0.6252 gnorm 0.97 lr 1.06e-04 66,581 tok/s (2% trained)
step   9600 loss 0.6410 gnorm 0.95 lr 1.04e-04 64,787 tok/s (2% trained)
step   9700 loss 0.6124 gnorm 0.86 lr 1.02e-04 67,217 tok/s (2% trained)
step   9800 loss 0.6020 gnorm 0.99 lr 1.01e-04 65,567 tok/s (2% trained)
step   9900 loss 0.6125 gnorm 0.99 lr 1.00e-04 62,864 tok/s (2% trained)
step  10000 loss 0.5971 gnorm 0.87 lr 1.00e-04 63,663 tok/s (2% trained)
 test_1hop_ood: 1hop 21.5% (n=200) · all 21.5% (n=200)
       test_id: 2hop 43.0% (n=200) · 3hop 61.0% (n=200) · all 52.0% (n=400)
      test_ood: 2hop 46.0% (n=200) · 3hop 63.5% (n=200) · all 54.8% (n=400)
saved runs/context-a/checkpoints/final
