context: 25.5M params, 544 tokens, mix [('bios', 0.5), ('qa', 0.5)], 16 world(s), 20000 steps × 64×256
step    100 loss 4.7202 gnorm 1.87 lr 1.98e-04 97,579 tok/s (30% trained)
step    200 loss 2.8133 gnorm 1.72 lr 3.98e-04 97,142 tok/s (29% trained)
step    300 loss 1.8357 gnorm 0.72 lr 5.98e-04 93,146 tok/s (30% trained)
step    400 loss 1.5829 gnorm 0.53 lr 7.98e-04 89,453 tok/s (30% trained)
step    500 loss 1.5257 gnorm 0.50 lr 9.98e-04 89,290 tok/s (29% trained)
step    600 loss 1.4717 gnorm 0.45 lr 1.00e-03 89,286 tok/s (30% trained)
step    700 loss 1.4341 gnorm 0.42 lr 1.00e-03 87,590 tok/s (30% trained)
step    800 loss 1.4089 gnorm 0.40 lr 9.99e-04 83,734 tok/s (29% trained)
step    900 loss 1.3794 gnorm 0.32 lr 9.99e-04 81,295 tok/s (30% trained)
step   1000 loss 1.3516 gnorm 0.38 lr 9.99e-04 79,769 tok/s (29% trained)
step   1100 loss 1.3234 gnorm 0.31 lr 9.98e-04 77,899 tok/s (30% trained)
step   1200 loss 1.3081 gnorm 0.28 lr 9.97e-04 78,280 tok/s (30% trained)
step   1300 loss 1.2943 gnorm 0.31 lr 9.96e-04 77,781 tok/s (29% trained)
step   1400 loss 1.2812 gnorm 0.27 lr 9.95e-04 76,920 tok/s (31% trained)
step   1500 loss 1.2693 gnorm 0.24 lr 9.94e-04 77,098 tok/s (30% trained)
step   1600 loss 1.2565 gnorm 0.26 lr 9.93e-04 77,484 tok/s (29% trained)
step   1700 loss 1.2543 gnorm 0.29 lr 9.92e-04 77,657 tok/s (30% trained)
step   1800 loss 1.2464 gnorm 0.24 lr 9.90e-04 77,889 tok/s (30% trained)
step   1900 loss 1.2391 gnorm 0.21 lr 9.89e-04 78,541 tok/s (30% trained)
step   2000 loss 1.2348 gnorm 0.21 lr 9.87e-04 78,043 tok/s (30% trained)
 test_1hop_ood: 1hop 17.0% (n=200) · all 17.0% (n=200)
       test_id: 2hop 47.5% (n=200) · 3hop 57.0% (n=200) · all 52.2% (n=400)
      test_ood: 2hop 48.5% (n=200) · 3hop 57.0% (n=200) · all 52.8% (n=400)
step   2100 loss 1.2309 gnorm 0.24 lr 9.85e-04 79,233 tok/s (29% trained)
step   2200 loss 1.2270 gnorm 0.22 lr 9.83e-04 79,055 tok/s (30% trained)
step   2300 loss 1.2239 gnorm 0.20 lr 9.81e-04 79,248 tok/s (30% trained)
step   2400 loss 1.2198 gnorm 0.18 lr 9.79e-04 78,628 tok/s (30% trained)
step   2500 loss 1.2154 gnorm 0.20 lr 9.77e-04 76,995 tok/s (30% trained)
step   2600 loss 1.2140 gnorm 0.23 lr 9.75e-04 76,476 tok/s (29% trained)
step   2700 loss 1.2113 gnorm 0.22 lr 9.72e-04 78,869 tok/s (30% trained)
step   2800 loss 1.2057 gnorm 0.21 lr 9.69e-04 79,042 tok/s (29% trained)
step   2900 loss 1.2028 gnorm 0.18 lr 9.67e-04 79,111 tok/s (29% trained)
step   3000 loss 1.2031 gnorm 0.18 lr 9.64e-04 79,451 tok/s (29% trained)
step   3100 loss 1.2000 gnorm 0.20 lr 9.61e-04 79,024 tok/s (30% trained)
step   3200 loss 1.2012 gnorm 0.19 lr 9.58e-04 79,755 tok/s (29% trained)
step   3300 loss 1.1973 gnorm 0.17 lr 9.55e-04 79,805 tok/s (30% trained)
step   3400 loss 1.1961 gnorm 0.18 lr 9.52e-04 79,751 tok/s (29% trained)
step   3500 loss 1.1937 gnorm 0.19 lr 9.48e-04 80,333 tok/s (30% trained)
step   3600 loss 1.1918 gnorm 0.18 lr 9.45e-04 78,875 tok/s (30% trained)
step   3700 loss 1.1906 gnorm 0.18 lr 9.42e-04 80,029 tok/s (30% trained)
step   3800 loss 1.1895 gnorm 0.18 lr 9.38e-04 79,694 tok/s (30% trained)
step   3900 loss 1.1879 gnorm 0.18 lr 9.34e-04 76,781 tok/s (29% trained)
step   4000 loss 1.1853 gnorm 0.17 lr 9.30e-04 77,593 tok/s (30% trained)
 test_1hop_ood: 1hop 15.5% (n=200) · all 15.5% (n=200)
       test_id: 2hop 66.5% (n=200) · 3hop 65.5% (n=200) · all 66.0% (n=400)
      test_ood: 2hop 56.5% (n=200) · 3hop 60.5% (n=200) · all 58.5% (n=400)
step   4100 loss 1.1822 gnorm 0.18 lr 9.26e-04 76,466 tok/s (30% trained)
step   4200 loss 1.1837 gnorm 0.18 lr 9.22e-04 79,002 tok/s (30% trained)
step   4300 loss 1.1805 gnorm 0.16 lr 9.18e-04 78,463 tok/s (29% trained)
step   4400 loss 1.1810 gnorm 0.17 lr 9.14e-04 79,789 tok/s (29% trained)
step   4500 loss 1.1788 gnorm 0.17 lr 9.10e-04 80,126 tok/s (29% trained)
step   4600 loss 1.1765 gnorm 0.17 lr 9.05e-04 80,530 tok/s (29% trained)
step   4700 loss 1.1778 gnorm 0.16 lr 9.01e-04 80,722 tok/s (29% trained)
step   4800 loss 1.1788 gnorm 0.16 lr 8.96e-04 80,874 tok/s (30% trained)
step   4900 loss 1.1746 gnorm 0.17 lr 8.92e-04 81,030 tok/s (30% trained)
step   5000 loss 1.1731 gnorm 0.17 lr 8.87e-04 81,299 tok/s (29% trained)
step   5100 loss 1.1763 gnorm 0.18 lr 8.82e-04 80,837 tok/s (30% trained)
step   5200 loss 1.1696 gnorm 0.17 lr 8.77e-04 81,280 tok/s (29% trained)
step   5300 loss 1.1745 gnorm 0.21 lr 8.72e-04 81,393 tok/s (30% trained)
step   5400 loss 1.1688 gnorm 0.19 lr 8.67e-04 79,191 tok/s (30% trained)
step   5500 loss 1.1673 gnorm 0.18 lr 8.62e-04 78,082 tok/s (30% trained)
step   5600 loss 1.1641 gnorm 0.17 lr 8.57e-04 69,291 tok/s (30% trained)
step   5700 loss 1.1651 gnorm 0.18 lr 8.51e-04 77,832 tok/s (29% trained)
step   5800 loss 1.1644 gnorm 0.18 lr 8.46e-04 78,718 tok/s (30% trained)
step   5900 loss 1.1634 gnorm 0.16 lr 8.40e-04 78,169 tok/s (29% trained)
step   6000 loss 1.1579 gnorm 0.16 lr 8.35e-04 77,768 tok/s (29% trained)
 test_1hop_ood: 1hop 15.5% (n=200) · all 15.5% (n=200)
       test_id: 2hop 63.0% (n=200) · 3hop 68.0% (n=200) · all 65.5% (n=400)
      test_ood: 2hop 61.0% (n=200) · 3hop 63.0% (n=200) · all 62.0% (n=400)
step   6100 loss 1.1569 gnorm 0.17 lr 8.29e-04 82,620 tok/s (29% trained)
step   6200 loss 1.1544 gnorm 0.15 lr 8.23e-04 80,029 tok/s (30% trained)
step   6300 loss 1.1541 gnorm 0.21 lr 8.17e-04 80,947 tok/s (29% trained)
step   6400 loss 1.1544 gnorm 0.15 lr 8.12e-04 80,698 tok/s (30% trained)
step   6500 loss 1.1497 gnorm 0.16 lr 8.06e-04 81,906 tok/s (30% trained)
step   6600 loss 1.1471 gnorm 0.17 lr 8.00e-04 82,325 tok/s (30% trained)
step   6700 loss 1.1441 gnorm 0.18 lr 7.94e-04 82,331 tok/s (29% trained)
step   6800 loss 1.1357 gnorm 0.19 lr 7.87e-04 82,493 tok/s (30% trained)
step   6900 loss 1.1342 gnorm 0.16 lr 7.81e-04 82,596 tok/s (30% trained)
step   7000 loss 1.1300 gnorm 0.17 lr 7.75e-04 81,896 tok/s (30% trained)
step   7100 loss 1.1291 gnorm 0.17 lr 7.69e-04 78,134 tok/s (30% trained)
step   7200 loss 1.1246 gnorm 0.16 lr 7.62e-04 77,749 tok/s (29% trained)
step   7300 loss 1.1244 gnorm 0.18 lr 7.56e-04 78,528 tok/s (29% trained)
step   7400 loss 1.1201 gnorm 0.15 lr 7.50e-04 77,720 tok/s (29% trained)
step   7500 loss 1.1198 gnorm 0.18 lr 7.43e-04 78,837 tok/s (30% trained)
step   7600 loss 1.1183 gnorm 0.15 lr 7.36e-04 77,074 tok/s (30% trained)
step   7700 loss 1.1142 gnorm 0.16 lr 7.30e-04 77,528 tok/s (29% trained)
step   7800 loss 1.1105 gnorm 0.19 lr 7.23e-04 76,859 tok/s (29% trained)
step   7900 loss 1.1130 gnorm 0.18 lr 7.16e-04 77,768 tok/s (30% trained)
step   8000 loss 1.1078 gnorm 0.16 lr 7.10e-04 77,573 tok/s (29% trained)
 test_1hop_ood: 1hop 92.0% (n=200) · all 92.0% (n=200)
       test_id: 2hop 88.5% (n=200) · 3hop 91.5% (n=200) · all 90.0% (n=400)
      test_ood: 2hop 82.5% (n=200) · 3hop 85.5% (n=200) · all 84.0% (n=400)
step   8100 loss 1.1066 gnorm 0.19 lr 7.03e-04 77,641 tok/s (29% trained)
step   8200 loss 1.1062 gnorm 0.16 lr 6.96e-04 77,578 tok/s (29% trained)
step   8300 loss 1.1053 gnorm 0.18 lr 6.89e-04 78,995 tok/s (29% trained)
step   8400 loss 1.1025 gnorm 0.18 lr 6.82e-04 78,431 tok/s (29% trained)
step   8500 loss 1.0968 gnorm 0.18 lr 6.75e-04 77,573 tok/s (29% trained)
step   8600 loss 1.0986 gnorm 0.18 lr 6.68e-04 79,407 tok/s (30% trained)
step   8700 loss 1.0956 gnorm 0.17 lr 6.61e-04 77,670 tok/s (29% trained)
step   8800 loss 1.0963 gnorm 0.17 lr 6.54e-04 77,081 tok/s (30% trained)
step   8900 loss 1.0914 gnorm 0.18 lr 6.47e-04 76,361 tok/s (29% trained)
step   9000 loss 1.0960 gnorm 0.17 lr 6.40e-04 74,534 tok/s (30% trained)
step   9100 loss 1.0919 gnorm 0.21 lr 6.33e-04 76,942 tok/s (29% trained)
step   9200 loss 1.0897 gnorm 0.17 lr 6.26e-04 78,104 tok/s (29% trained)
step   9300 loss 1.0885 gnorm 0.18 lr 6.19e-04 79,354 tok/s (30% trained)
step   9400 loss 1.0875 gnorm 0.19 lr 6.12e-04 79,128 tok/s (30% trained)
step   9500 loss 1.0889 gnorm 0.16 lr 6.04e-04 78,703 tok/s (30% trained)
step   9600 loss 1.0845 gnorm 0.19 lr 5.97e-04 78,239 tok/s (30% trained)
step   9700 loss 1.0824 gnorm 0.20 lr 5.90e-04 78,017 tok/s (30% trained)
step   9800 loss 1.0805 gnorm 0.19 lr 5.83e-04 77,784 tok/s (29% trained)
step   9900 loss 1.0816 gnorm 0.16 lr 5.75e-04 70,779 tok/s (31% trained)
step  10000 loss 1.0790 gnorm 0.17 lr 5.68e-04 70,530 tok/s (30% trained)
 test_1hop_ood: 1hop 93.0% (n=200) · all 93.0% (n=200)
       test_id: 2hop 90.0% (n=200) · 3hop 89.5% (n=200) · all 89.8% (n=400)
      test_ood: 2hop 86.0% (n=200) · 3hop 88.5% (n=200) · all 87.2% (n=400)
step  10100 loss 1.0779 gnorm 0.17 lr 5.61e-04 69,760 tok/s (29% trained)
step  10200 loss 1.0749 gnorm 0.16 lr 5.54e-04 67,687 tok/s (29% trained)
step  10300 loss 1.0719 gnorm 0.17 lr 5.46e-04 66,764 tok/s (29% trained)
step  10400 loss 1.0718 gnorm 0.18 lr 5.39e-04 67,440 tok/s (29% trained)
step  10500 loss 1.0674 gnorm 0.18 lr 5.32e-04 67,911 tok/s (29% trained)
step  10600 loss 1.0683 gnorm 0.17 lr 5.25e-04 68,366 tok/s (29% trained)
step  10700 loss 1.0698 gnorm 0.18 lr 5.17e-04 69,728 tok/s (30% trained)
step  10800 loss 1.0660 gnorm 0.17 lr 5.10e-04 71,344 tok/s (30% trained)
step  10900 loss 1.0654 gnorm 0.19 lr 5.03e-04 73,146 tok/s (30% trained)
step  11000 loss 1.0645 gnorm 0.19 lr 4.96e-04 73,601 tok/s (30% trained)
step  11100 loss 1.0606 gnorm 0.18 lr 4.89e-04 74,477 tok/s (29% trained)
step  11200 loss 1.0602 gnorm 0.17 lr 4.81e-04 74,812 tok/s (30% trained)
step  11300 loss 1.0581 gnorm 0.17 lr 4.74e-04 75,638 tok/s (29% trained)
step  11400 loss 1.0582 gnorm 0.18 lr 4.67e-04 78,436 tok/s (30% trained)
step  11500 loss 1.0552 gnorm 0.19 lr 4.60e-04 76,803 tok/s (29% trained)
step  11600 loss 1.0545 gnorm 0.18 lr 4.53e-04 79,631 tok/s (30% trained)
step  11700 loss 1.0506 gnorm 0.16 lr 4.46e-04 79,654 tok/s (29% trained)
step  11800 loss 1.0489 gnorm 0.19 lr 4.39e-04 79,963 tok/s (30% trained)
step  11900 loss 1.0494 gnorm 0.20 lr 4.32e-04 80,276 tok/s (30% trained)
step  12000 loss 1.0474 gnorm 0.20 lr 4.25e-04 80,475 tok/s (30% trained)
 test_1hop_ood: 1hop 94.5% (n=200) · all 94.5% (n=200)
       test_id: 2hop 93.5% (n=200) · 3hop 95.0% (n=200) · all 94.2% (n=400)
      test_ood: 2hop 91.0% (n=200) · 3hop 92.0% (n=200) · all 91.5% (n=400)
step  12100 loss 1.0474 gnorm 0.15 lr 4.18e-04 81,430 tok/s (30% trained)
step  12200 loss 1.0440 gnorm 0.19 lr 4.11e-04 75,901 tok/s (30% trained)
step  12300 loss 1.0383 gnorm 0.20 lr 4.04e-04 78,900 tok/s (29% trained)
step  12400 loss 1.0404 gnorm 0.19 lr 3.97e-04 77,981 tok/s (29% trained)
step  12500 loss 1.0382 gnorm 0.19 lr 3.90e-04 79,817 tok/s (29% trained)
step  12600 loss 1.0353 gnorm 0.22 lr 3.84e-04 73,088 tok/s (29% trained)
step  12700 loss 1.0361 gnorm 0.19 lr 3.77e-04 77,206 tok/s (30% trained)
step  12800 loss 1.0310 gnorm 0.20 lr 3.70e-04 76,319 tok/s (30% trained)
step  12900 loss 1.0291 gnorm 0.19 lr 3.64e-04 77,342 tok/s (29% trained)
step  13000 loss 1.0286 gnorm 0.21 lr 3.57e-04 77,271 tok/s (30% trained)
step  13100 loss 1.0243 gnorm 0.20 lr 3.51e-04 75,674 tok/s (29% trained)
step  13200 loss 1.0233 gnorm 0.21 lr 3.44e-04 76,562 tok/s (30% trained)
step  13300 loss 1.0232 gnorm 0.19 lr 3.38e-04 78,528 tok/s (30% trained)
step  13400 loss 1.0199 gnorm 0.21 lr 3.31e-04 77,819 tok/s (30% trained)
step  13500 loss 1.0161 gnorm 0.24 lr 3.25e-04 70,849 tok/s (29% trained)
step  13600 loss 1.0164 gnorm 0.20 lr 3.19e-04 69,633 tok/s (30% trained)
step  13700 loss 1.0139 gnorm 0.22 lr 3.13e-04 70,707 tok/s (30% trained)
step  13800 loss 1.0138 gnorm 0.24 lr 3.06e-04 71,527 tok/s (29% trained)
step  13900 loss 1.0104 gnorm 0.20 lr 3.00e-04 73,409 tok/s (30% trained)
step  14000 loss 1.0074 gnorm 0.22 lr 2.94e-04 79,183 tok/s (29% trained)
 test_1hop_ood: 1hop 95.5% (n=200) · all 95.5% (n=200)
       test_id: 2hop 97.0% (n=200) · 3hop 95.5% (n=200) · all 96.2% (n=400)
      test_ood: 2hop 91.5% (n=200) · 3hop 92.0% (n=200) · all 91.8% (n=400)
step  14100 loss 1.0043 gnorm 0.23 lr 2.88e-04 78,915 tok/s (29% trained)
step  14200 loss 1.0020 gnorm 0.24 lr 2.83e-04 78,059 tok/s (29% trained)
step  14300 loss 0.9987 gnorm 0.22 lr 2.77e-04 80,636 tok/s (29% trained)
step  14400 loss 0.9984 gnorm 0.23 lr 2.71e-04 80,638 tok/s (30% trained)
step  14500 loss 0.9960 gnorm 0.23 lr 2.65e-04 81,531 tok/s (29% trained)
step  14600 loss 0.9943 gnorm 0.21 lr 2.60e-04 81,738 tok/s (30% trained)
step  14700 loss 0.9943 gnorm 0.24 lr 2.54e-04 81,660 tok/s (30% trained)
step  14800 loss 0.9891 gnorm 0.24 lr 2.49e-04 82,035 tok/s (30% trained)
step  14900 loss 0.9872 gnorm 0.22 lr 2.44e-04 82,148 tok/s (30% trained)
step  15000 loss 0.9866 gnorm 0.25 lr 2.38e-04 82,031 tok/s (30% trained)
step  15100 loss 0.9826 gnorm 0.24 lr 2.33e-04 81,876 tok/s (29% trained)
step  15200 loss 0.9821 gnorm 0.22 lr 2.28e-04 82,162 tok/s (30% trained)
step  15300 loss 0.9783 gnorm 0.24 lr 2.23e-04 82,383 tok/s (30% trained)
step  15400 loss 0.9750 gnorm 0.25 lr 2.18e-04 82,382 tok/s (29% trained)
step  15500 loss 0.9747 gnorm 0.24 lr 2.13e-04 82,558 tok/s (29% trained)
step  15600 loss 0.9747 gnorm 0.24 lr 2.08e-04 82,358 tok/s (30% trained)
step  15700 loss 0.9714 gnorm 0.27 lr 2.04e-04 82,448 tok/s (30% trained)
step  15800 loss 0.9728 gnorm 0.24 lr 1.99e-04 82,462 tok/s (30% trained)
step  15900 loss 0.9671 gnorm 0.25 lr 1.95e-04 82,316 tok/s (30% trained)
step  16000 loss 0.9664 gnorm 0.28 lr 1.90e-04 82,516 tok/s (29% trained)
 test_1hop_ood: 1hop 98.0% (n=200) · all 98.0% (n=200)
       test_id: 2hop 95.5% (n=200) · 3hop 94.5% (n=200) · all 95.0% (n=400)
      test_ood: 2hop 91.5% (n=200) · 3hop 90.5% (n=200) · all 91.0% (n=400)
step  16100 loss 0.9629 gnorm 0.24 lr 1.86e-04 82,939 tok/s (30% trained)
step  16200 loss 0.9575 gnorm 0.25 lr 1.82e-04 81,224 tok/s (29% trained)
step  16300 loss 0.9608 gnorm 0.26 lr 1.78e-04 80,939 tok/s (30% trained)
step  16400 loss 0.9589 gnorm 0.26 lr 1.74e-04 80,194 tok/s (30% trained)
step  16500 loss 0.9541 gnorm 0.25 lr 1.70e-04 79,271 tok/s (30% trained)
step  16600 loss 0.9542 gnorm 0.31 lr 1.66e-04 78,072 tok/s (31% trained)
step  16700 loss 0.9504 gnorm 0.27 lr 1.62e-04 77,646 tok/s (30% trained)
step  16800 loss 0.9495 gnorm 0.29 lr 1.59e-04 76,570 tok/s (30% trained)
step  16900 loss 0.9471 gnorm 0.29 lr 1.55e-04 77,041 tok/s (30% trained)
step  17000 loss 0.9413 gnorm 0.31 lr 1.52e-04 73,703 tok/s (29% trained)
step  17100 loss 0.9442 gnorm 0.28 lr 1.48e-04 66,246 tok/s (30% trained)
step  17200 loss 0.9406 gnorm 0.28 lr 1.45e-04 71,107 tok/s (29% trained)
step  17300 loss 0.9373 gnorm 0.26 lr 1.42e-04 66,355 tok/s (29% trained)
step  17400 loss 0.9348 gnorm 0.32 lr 1.39e-04 59,201 tok/s (29% trained)
step  17500 loss 0.9348 gnorm 0.30 lr 1.36e-04 60,787 tok/s (30% trained)
step  17600 loss 0.9369 gnorm 0.31 lr 1.33e-04 61,612 tok/s (30% trained)
step  17700 loss 0.9329 gnorm 0.35 lr 1.31e-04 65,818 tok/s (29% trained)
step  17800 loss 0.9332 gnorm 0.30 lr 1.28e-04 67,556 tok/s (30% trained)
step  17900 loss 0.9311 gnorm 0.31 lr 1.26e-04 68,689 tok/s (30% trained)
step  18000 loss 0.9277 gnorm 0.27 lr 1.23e-04 70,049 tok/s (30% trained)
 test_1hop_ood: 1hop 97.0% (n=200) · all 97.0% (n=200)
       test_id: 2hop 96.5% (n=200) · 3hop 96.0% (n=200) · all 96.2% (n=400)
      test_ood: 2hop 93.0% (n=200) · 3hop 93.5% (n=200) · all 93.2% (n=400)
step  18100 loss 0.9262 gnorm 0.29 lr 1.21e-04 74,680 tok/s (29% trained)
step  18200 loss 0.9258 gnorm 0.31 lr 1.19e-04 74,614 tok/s (29% trained)
step  18300 loss 0.9257 gnorm 0.28 lr 1.17e-04 76,304 tok/s (30% trained)
step  18400 loss 0.9236 gnorm 0.33 lr 1.15e-04 77,372 tok/s (30% trained)
step  18500 loss 0.9208 gnorm 0.30 lr 1.13e-04 78,392 tok/s (30% trained)
step  18600 loss 0.9216 gnorm 0.28 lr 1.11e-04 78,804 tok/s (29% trained)
step  18700 loss 0.9155 gnorm 0.34 lr 1.10e-04 79,154 tok/s (29% trained)
step  18800 loss 0.9150 gnorm 0.29 lr 1.08e-04 79,511 tok/s (30% trained)
step  18900 loss 0.9161 gnorm 0.29 lr 1.07e-04 79,797 tok/s (29% trained)
step  19000 loss 0.9142 gnorm 0.34 lr 1.06e-04 79,733 tok/s (29% trained)
step  19100 loss 0.9114 gnorm 0.32 lr 1.05e-04 79,511 tok/s (30% trained)
step  19200 loss 0.9096 gnorm 0.31 lr 1.04e-04 80,114 tok/s (29% trained)
step  19300 loss 0.9123 gnorm 0.34 lr 1.03e-04 79,905 tok/s (30% trained)
step  19400 loss 0.9091 gnorm 0.29 lr 1.02e-04 80,460 tok/s (30% trained)
step  19500 loss 0.9106 gnorm 0.30 lr 1.01e-04 80,663 tok/s (30% trained)
step  19600 loss 0.9051 gnorm 0.33 lr 1.01e-04 80,793 tok/s (29% trained)
step  19700 loss 0.9037 gnorm 0.34 lr 1.01e-04 80,825 tok/s (29% trained)
step  19800 loss 0.9065 gnorm 0.29 lr 1.00e-04 80,888 tok/s (29% trained)
step  19900 loss 0.9030 gnorm 0.31 lr 1.00e-04 80,769 tok/s (29% trained)
step  20000 loss 0.9031 gnorm 0.32 lr 1.00e-04 80,809 tok/s (30% trained)
 test_1hop_ood: 1hop 97.5% (n=200) · all 97.5% (n=200)
       test_id: 2hop 96.5% (n=200) · 3hop 96.0% (n=200) · all 96.2% (n=400)
      test_ood: 2hop 93.5% (n=200) · 3hop 92.0% (n=200) · all 92.8% (n=400)
saved runs/context-multi-bios-20k-s1/checkpoints/final

[exited with code 0]
