latent: 29.2M params, 544 tokens, mix [('bios', 0.5), ('qa', 0.5)], 1 world(s), 10000 steps × 64×256
step    100 loss 9.6603 (lm 4.4962, hop 10.3282; retrieval h0 0% h1 1% h2 1%) gnorm 2.26 lr 1.98e-04 29,771 tok/s (70% trained)
step    200 loss 5.9308 (lm 2.2861, hop 7.2895; retrieval h0 4% h1 3% h2 5%) gnorm 5.01 lr 3.98e-04 29,952 tok/s (70% trained)
step    300 loss 2.6422 (lm 1.3662, hop 2.5519; retrieval h0 68% h1 4% h2 8%) gnorm 2.51 lr 5.98e-04 29,547 tok/s (70% trained)
step    400 loss 1.4534 (lm 0.9075, hop 1.0918; retrieval h0 95% h1 20% h2 12%) gnorm 2.61 lr 7.98e-04 29,113 tok/s (70% trained)
step    500 loss 1.1022 (lm 0.7512, hop 0.7019; retrieval h0 96% h1 65% h2 17%) gnorm 5.20 lr 9.98e-04 29,385 tok/s (70% trained)
step    600 loss 0.9424 (lm 0.6877, hop 0.5094; retrieval h0 96% h1 81% h2 30%) gnorm 2.68 lr 1.00e-03 29,564 tok/s (70% trained)
step    700 loss 0.8209 (lm 0.6338, hop 0.3743; retrieval h0 97% h1 84% h2 45%) gnorm 2.99 lr 9.99e-04 30,607 tok/s (70% trained)
step    800 loss 0.7685 (lm 0.6145, hop 0.3080; retrieval h0 98% h1 87% h2 59%) gnorm 3.95 lr 9.98e-04 28,559 tok/s (70% trained)
step    900 loss 0.7130 (lm 0.5951, hop 0.2358; retrieval h0 98% h1 90% h2 73%) gnorm 1.71 lr 9.96e-04 28,709 tok/s (70% trained)
step   1000 loss 0.6695 (lm 0.5790, hop 0.1809; retrieval h0 98% h1 93% h2 81%) gnorm 3.32 lr 9.94e-04 29,596 tok/s (70% trained)
step   1100 loss 0.6403 (lm 0.5655, hop 0.1496; retrieval h0 99% h1 93% h2 85%) gnorm 1.97 lr 9.91e-04 29,462 tok/s (70% trained)
step   1200 loss 0.6182 (lm 0.5517, hop 0.1330; retrieval h0 99% h1 94% h2 90%) gnorm 1.64 lr 9.88e-04 28,761 tok/s (70% trained)
step   1300 loss 0.5924 (lm 0.5384, hop 0.1079; retrieval h0 99% h1 96% h2 92%) gnorm 1.36 lr 9.84e-04 28,202 tok/s (70% trained)
step   1400 loss 0.5735 (lm 0.5314, hop 0.0841; retrieval h0 99% h1 96% h2 94%) gnorm 0.77 lr 9.80e-04 28,811 tok/s (70% trained)
step   1500 loss 0.5665 (lm 0.5260, hop 0.0810; retrieval h0 99% h1 97% h2 94%) gnorm 0.78 lr 9.76e-04 29,327 tok/s (70% trained)
step   1600 loss 0.5547 (lm 0.5182, hop 0.0730; retrieval h0 99% h1 97% h2 95%) gnorm 0.38 lr 9.71e-04 29,398 tok/s (70% trained)
step   1700 loss 0.5440 (lm 0.5134, hop 0.0612; retrieval h0 100% h1 97% h2 95%) gnorm 0.86 lr 9.65e-04 28,772 tok/s (70% trained)
step   1800 loss 0.5344 (lm 0.5089, hop 0.0510; retrieval h0 99% h1 98% h2 97%) gnorm 0.90 lr 9.59e-04 29,392 tok/s (70% trained)
step   1900 loss 0.5317 (lm 0.5042, hop 0.0550; retrieval h0 100% h1 98% h2 96%) gnorm 1.34 lr 9.53e-04 28,638 tok/s (70% trained)
step   2000 loss 0.5277 (lm 0.5021, hop 0.0511; retrieval h0 99% h1 98% h2 97%) gnorm 0.69 lr 9.46e-04 26,871 tok/s (70% trained)
 test_1hop_ood: 1hop 92.5% (n=200, ret 94%) · all 92.5% (n=200, ret 94%)
       test_id: 2hop 84.0% (n=200, ret 100%/96%) · 3hop 92.0% (n=200, ret 99%/96%/94%) · all 88.0% (n=400, ret 99%/96%/94%)
      test_ood: 2hop 83.5% (n=200, ret 100%/98%) · 3hop 91.5% (n=200, ret 100%/96%/94%) · all 87.5% (n=400, ret 100%/97%/94%)
step   2100 loss 0.5132 (lm 0.4945, hop 0.0372; retrieval h0 100% h1 98% h2 98%) gnorm 1.66 lr 9.39e-04 25,728 tok/s (70% trained)
step   2200 loss 0.5066 (lm 0.4886, hop 0.0359; retrieval h0 100% h1 98% h2 98%) gnorm 1.55 lr 9.31e-04 28,183 tok/s (70% trained)
step   2300 loss 0.5018 (lm 0.4827, hop 0.0382; retrieval h0 100% h1 98% h2 98%) gnorm 0.47 lr 9.23e-04 27,874 tok/s (70% trained)
step   2400 loss 0.4975 (lm 0.4760, hop 0.0431; retrieval h0 100% h1 98% h2 98%) gnorm 0.63 lr 9.14e-04 28,941 tok/s (70% trained)
step   2500 loss 0.4779 (lm 0.4626, hop 0.0307; retrieval h0 100% h1 99% h2 98%) gnorm 0.61 lr 9.05e-04 27,936 tok/s (70% trained)
step   2600 loss 0.4637 (lm 0.4494, hop 0.0285; retrieval h0 100% h1 99% h2 98%) gnorm 0.55 lr 8.96e-04 28,213 tok/s (70% trained)
step   2700 loss 0.4451 (lm 0.4312, hop 0.0279; retrieval h0 100% h1 99% h2 98%) gnorm 0.22 lr 8.86e-04 27,429 tok/s (70% trained)
step   2800 loss 0.4251 (lm 0.4136, hop 0.0230; retrieval h0 100% h1 99% h2 98%) gnorm 1.23 lr 8.76e-04 27,852 tok/s (70% trained)
step   2900 loss 0.4062 (lm 0.3957, hop 0.0211; retrieval h0 100% h1 99% h2 99%) gnorm 0.19 lr 8.66e-04 28,385 tok/s (70% trained)
step   3000 loss 0.3956 (lm 0.3796, hop 0.0319; retrieval h0 100% h1 99% h2 99%) gnorm 0.20 lr 8.55e-04 29,186 tok/s (70% trained)
step   3100 loss 0.3740 (lm 0.3635, hop 0.0209; retrieval h0 100% h1 99% h2 99%) gnorm 0.14 lr 8.44e-04 29,410 tok/s (71% trained)
step   3200 loss 0.3653 (lm 0.3536, hop 0.0233; retrieval h0 100% h1 99% h2 99%) gnorm 0.33 lr 8.32e-04 28,502 tok/s (70% trained)
step   3300 loss 0.3545 (lm 0.3451, hop 0.0188; retrieval h0 100% h1 99% h2 99%) gnorm 0.20 lr 8.21e-04 28,004 tok/s (70% trained)
step   3400 loss 0.3444 (lm 0.3376, hop 0.0137; retrieval h0 100% h1 100% h2 99%) gnorm 0.26 lr 8.09e-04 27,787 tok/s (70% trained)
step   3500 loss 0.3380 (lm 0.3318, hop 0.0124; retrieval h0 100% h1 99% h2 99%) gnorm 0.95 lr 7.96e-04 28,933 tok/s (70% trained)
step   3600 loss 0.3360 (lm 0.3289, hop 0.0141; retrieval h0 100% h1 100% h2 100%) gnorm 0.28 lr 7.84e-04 28,305 tok/s (70% trained)
step   3700 loss 0.3331 (lm 0.3261, hop 0.0140; retrieval h0 100% h1 99% h2 99%) gnorm 1.09 lr 7.71e-04 27,902 tok/s (70% trained)
step   3800 loss 0.3273 (lm 0.3228, hop 0.0091; retrieval h0 100% h1 100% h2 99%) gnorm 0.30 lr 7.58e-04 27,576 tok/s (70% trained)
step   3900 loss 0.3259 (lm 0.3200, hop 0.0116; retrieval h0 100% h1 99% h2 100%) gnorm 0.55 lr 7.44e-04 26,666 tok/s (70% trained)
step   4000 loss 0.3299 (lm 0.3208, hop 0.0182; retrieval h0 100% h1 99% h2 99%) gnorm 0.14 lr 7.31e-04 26,833 tok/s (70% trained)
 test_1hop_ood: 1hop 99.0% (n=200, ret 100%) · all 99.0% (n=200, ret 100%)
       test_id: 2hop 94.0% (n=200, ret 100%/98%) · 3hop 98.5% (n=200, ret 100%/100%/100%) · all 96.2% (n=400, ret 100%/99%/100%)
      test_ood: 2hop 93.5% (n=200, ret 99%/99%) · 3hop 98.5% (n=200, ret 100%/100%/100%) · all 96.0% (n=400, ret 100%/99%/100%)
step   4100 loss 0.3284 (lm 0.3188, hop 0.0192; retrieval h0 100% h1 99% h2 99%) gnorm 0.26 lr 7.17e-04 22,578 tok/s (70% trained)
step   4200 loss 0.3210 (lm 0.3161, hop 0.0099; retrieval h0 100% h1 100% h2 100%) gnorm 0.15 lr 7.03e-04 24,903 tok/s (70% trained)
step   4300 loss 0.3188 (lm 0.3140, hop 0.0096; retrieval h0 100% h1 100% h2 99%) gnorm 0.12 lr 6.89e-04 26,890 tok/s (70% trained)
step   4400 loss 0.3182 (lm 0.3140, hop 0.0084; retrieval h0 100% h1 100% h2 99%) gnorm 0.11 lr 6.75e-04 25,738 tok/s (70% trained)
step   4500 loss 0.3185 (lm 0.3127, hop 0.0116; retrieval h0 100% h1 100% h2 100%) gnorm 0.40 lr 6.61e-04 26,183 tok/s (70% trained)
step   4600 loss 0.3164 (lm 0.3108, hop 0.0110; retrieval h0 100% h1 100% h2 99%) gnorm 0.12 lr 6.46e-04 26,777 tok/s (70% trained)
step   4700 loss 0.3140 (lm 0.3109, hop 0.0062; retrieval h0 100% h1 100% h2 100%) gnorm 0.32 lr 6.32e-04 27,621 tok/s (71% trained)
step   4800 loss 0.3129 (lm 0.3096, hop 0.0066; retrieval h0 100% h1 100% h2 100%) gnorm 0.36 lr 6.17e-04 27,072 tok/s (71% trained)
step   4900 loss 0.3147 (lm 0.3088, hop 0.0118; retrieval h0 100% h1 100% h2 99%) gnorm 0.24 lr 6.02e-04 27,869 tok/s (70% trained)
step   5000 loss 0.3116 (lm 0.3081, hop 0.0069; retrieval h0 100% h1 100% h2 100%) gnorm 0.17 lr 5.87e-04 27,846 tok/s (70% trained)
step   5100 loss 0.3099 (lm 0.3070, hop 0.0058; retrieval h0 100% h1 100% h2 100%) gnorm 0.11 lr 5.72e-04 28,060 tok/s (70% trained)
step   5200 loss 0.3092 (lm 0.3068, hop 0.0048; retrieval h0 100% h1 100% h2 100%) gnorm 0.32 lr 5.58e-04 27,937 tok/s (70% trained)
step   5300 loss 0.3095 (lm 0.3065, hop 0.0060; retrieval h0 100% h1 100% h2 100%) gnorm 0.13 lr 5.43e-04 27,752 tok/s (70% trained)
step   5400 loss 0.3051 (lm 0.3040, hop 0.0022; retrieval h0 100% h1 100% h2 100%) gnorm 0.08 lr 5.28e-04 28,921 tok/s (70% trained)
step   5500 loss 0.3073 (lm 0.3050, hop 0.0046; retrieval h0 100% h1 100% h2 100%) gnorm 0.10 lr 5.13e-04 29,010 tok/s (70% trained)
step   5600 loss 0.3044 (lm 0.3031, hop 0.0026; retrieval h0 100% h1 100% h2 100%) gnorm 0.13 lr 4.98e-04 29,228 tok/s (70% trained)
step   5700 loss 0.3029 (lm 0.3027, hop 0.0004; retrieval h0 100% h1 100% h2 100%) gnorm 0.11 lr 4.83e-04 29,410 tok/s (71% trained)
step   5800 loss 0.3025 (lm 0.3021, hop 0.0008; retrieval h0 100% h1 100% h2 100%) gnorm 0.24 lr 4.69e-04 29,152 tok/s (70% trained)
step   5900 loss 0.3046 (lm 0.3028, hop 0.0037; retrieval h0 100% h1 100% h2 100%) gnorm 0.21 lr 4.54e-04 29,797 tok/s (70% trained)
step   6000 loss 0.3034 (lm 0.3011, hop 0.0046; retrieval h0 100% h1 100% h2 100%) gnorm 0.13 lr 4.40e-04 30,431 tok/s (70% trained)
 test_1hop_ood: 1hop 100.0% (n=200, ret 100%) · all 100.0% (n=200, ret 100%)
       test_id: 2hop 99.5% (n=200, ret 100%/100%) · 3hop 99.0% (n=200, ret 100%/100%/100%) · all 99.2% (n=400, ret 100%/100%/100%)
      test_ood: 2hop 99.5% (n=200, ret 100%/100%) · 3hop 99.5% (n=200, ret 100%/100%/100%) · all 99.5% (n=400, ret 100%/100%/100%)
step   6100 loss 0.3038 (lm 0.3009, hop 0.0059; retrieval h0 100% h1 100% h2 100%) gnorm 0.10 lr 4.25e-04 25,303 tok/s (70% trained)
step   6200 loss 0.3034 (lm 0.3015, hop 0.0038; retrieval h0 100% h1 100% h2 100%) gnorm 0.08 lr 4.11e-04 31,349 tok/s (70% trained)
step   6300 loss 0.3001 (lm 0.2999, hop 0.0002; retrieval h0 100% h1 100% h2 100%) gnorm 0.08 lr 3.97e-04 31,170 tok/s (70% trained)
step   6400 loss 0.3018 (lm 0.3001, hop 0.0034; retrieval h0 100% h1 100% h2 100%) gnorm 0.08 lr 3.83e-04 29,162 tok/s (70% trained)
step   6500 loss 0.2992 (lm 0.2991, hop 0.0002; retrieval h0 100% h1 100% h2 100%) gnorm 0.21 lr 3.69e-04 31,556 tok/s (70% trained)
step   6600 loss 0.3013 (lm 0.2985, hop 0.0055; retrieval h0 100% h1 100% h2 100%) gnorm 0.33 lr 3.56e-04 29,125 tok/s (70% trained)
step   6700 loss 0.2989 (lm 0.2979, hop 0.0020; retrieval h0 100% h1 100% h2 100%) gnorm 0.08 lr 3.43e-04 28,822 tok/s (70% trained)
step   6800 loss 0.2976 (lm 0.2975, hop 0.0002; retrieval h0 100% h1 100% h2 100%) gnorm 0.08 lr 3.29e-04 29,572 tok/s (70% trained)
step   6900 loss 0.3001 (lm 0.2984, hop 0.0034; retrieval h0 100% h1 100% h2 100%) gnorm 0.08 lr 3.17e-04 30,696 tok/s (70% trained)
step   7000 loss 0.2974 (lm 0.2970, hop 0.0008; retrieval h0 100% h1 100% h2 100%) gnorm 0.08 lr 3.04e-04 30,688 tok/s (70% trained)
step   7100 loss 0.2977 (lm 0.2969, hop 0.0016; retrieval h0 100% h1 100% h2 100%) gnorm 0.08 lr 2.92e-04 25,670 tok/s (70% trained)
step   7200 loss 0.2969 (lm 0.2967, hop 0.0003; retrieval h0 100% h1 100% h2 100%) gnorm 0.07 lr 2.80e-04 24,509 tok/s (70% trained)
step   7300 loss 0.2967 (lm 0.2966, hop 0.0001; retrieval h0 100% h1 100% h2 100%) gnorm 0.07 lr 2.68e-04 22,145 tok/s (70% trained)
step   7400 loss 0.2958 (lm 0.2957, hop 0.0000; retrieval h0 100% h1 100% h2 100%) gnorm 0.08 lr 2.56e-04 12,643 tok/s (70% trained)
step   7500 loss 0.2955 (lm 0.2955, hop 0.0000; retrieval h0 100% h1 100% h2 100%) gnorm 0.07 lr 2.45e-04 25,704 tok/s (70% trained)
step   7600 loss 0.2955 (lm 0.2955, hop 0.0000; retrieval h0 100% h1 100% h2 100%) gnorm 0.08 lr 2.35e-04 28,283 tok/s (70% trained)
step   7700 loss 0.2947 (lm 0.2946, hop 0.0003; retrieval h0 100% h1 100% h2 100%) gnorm 0.08 lr 2.24e-04 28,481 tok/s (70% trained)
step   7800 loss 0.2944 (lm 0.2944, hop 0.0001; retrieval h0 100% h1 100% h2 100%) gnorm 0.07 lr 2.14e-04 25,814 tok/s (70% trained)
step   7900 loss 0.2943 (lm 0.2943, hop 0.0000; retrieval h0 100% h1 100% h2 100%) gnorm 0.09 lr 2.04e-04 24,382 tok/s (71% trained)
step   8000 loss 0.2941 (lm 0.2940, hop 0.0001; retrieval h0 100% h1 100% h2 100%) gnorm 0.07 lr 1.95e-04 22,670 tok/s (70% trained)
 test_1hop_ood: 1hop 100.0% (n=200, ret 100%) · all 100.0% (n=200, ret 100%)
       test_id: 2hop 100.0% (n=200, ret 100%/100%) · 3hop 100.0% (n=200, ret 100%/100%/100%) · all 100.0% (n=400, ret 100%/100%/100%)
      test_ood: 2hop 100.0% (n=200, ret 100%/100%) · 3hop 100.0% (n=200, ret 100%/100%/100%) · all 100.0% (n=400, ret 100%/100%/100%)
step   8100 loss 0.2933 (lm 0.2933, hop 0.0000; retrieval h0 100% h1 100% h2 100%) gnorm 0.08 lr 1.86e-04 8,200 tok/s (70% trained)
step   8200 loss 0.2941 (lm 0.2941, hop 0.0000; retrieval h0 100% h1 100% h2 100%) gnorm 0.07 lr 1.77e-04 27,558 tok/s (70% trained)
step   8300 loss 0.2928 (lm 0.2928, hop 0.0000; retrieval h0 100% h1 100% h2 100%) gnorm 0.07 lr 1.69e-04 29,519 tok/s (70% trained)
step   8400 loss 0.2928 (lm 0.2927, hop 0.0001; retrieval h0 100% h1 100% h2 100%) gnorm 0.06 lr 1.62e-04 29,240 tok/s (70% trained)
step   8500 loss 0.2926 (lm 0.2925, hop 0.0000; retrieval h0 100% h1 100% h2 100%) gnorm 0.07 lr 1.54e-04 30,470 tok/s (70% trained)
step   8600 loss 0.2924 (lm 0.2924, hop 0.0000; retrieval h0 100% h1 100% h2 100%) gnorm 0.07 lr 1.47e-04 29,745 tok/s (70% trained)
step   8700 loss 0.2912 (lm 0.2912, hop 0.0000; retrieval h0 100% h1 100% h2 100%) gnorm 0.07 lr 1.41e-04 28,938 tok/s (70% trained)
step   8800 loss 0.2917 (lm 0.2917, hop 0.0000; retrieval h0 100% h1 100% h2 100%) gnorm 0.07 lr 1.35e-04 29,059 tok/s (70% trained)
step   8900 loss 0.2908 (lm 0.2908, hop 0.0000; retrieval h0 100% h1 100% h2 100%) gnorm 0.07 lr 1.29e-04 30,124 tok/s (70% trained)
step   9000 loss 0.2916 (lm 0.2916, hop 0.0000; retrieval h0 100% h1 100% h2 100%) gnorm 0.08 lr 1.24e-04 29,327 tok/s (70% trained)
step   9100 loss 0.2914 (lm 0.2914, hop 0.0000; retrieval h0 100% h1 100% h2 100%) gnorm 0.07 lr 1.20e-04 28,462 tok/s (70% trained)
step   9200 loss 0.2913 (lm 0.2913, hop 0.0000; retrieval h0 100% h1 100% h2 100%) gnorm 0.06 lr 1.16e-04 29,064 tok/s (70% trained)
step   9300 loss 0.2908 (lm 0.2908, hop 0.0001; retrieval h0 100% h1 100% h2 100%) gnorm 0.07 lr 1.12e-04 30,435 tok/s (70% trained)
step   9400 loss 0.2915 (lm 0.2915, hop 0.0000; retrieval h0 100% h1 100% h2 100%) gnorm 0.07 lr 1.09e-04 31,656 tok/s (70% trained)
step   9500 loss 0.2908 (lm 0.2908, hop 0.0000; retrieval h0 100% h1 100% h2 100%) gnorm 0.07 lr 1.06e-04 31,317 tok/s (70% trained)
step   9600 loss 0.2912 (lm 0.2912, hop 0.0000; retrieval h0 100% h1 100% h2 100%) gnorm 0.07 lr 1.04e-04 28,715 tok/s (70% trained)
step   9700 loss 0.2901 (lm 0.2901, hop 0.0000; retrieval h0 100% h1 100% h2 100%) gnorm 0.06 lr 1.02e-04 29,718 tok/s (70% trained)
step   9800 loss 0.2906 (lm 0.2906, hop 0.0000; retrieval h0 100% h1 100% h2 100%) gnorm 0.07 lr 1.01e-04 28,749 tok/s (70% trained)
step   9900 loss 0.2906 (lm 0.2906, hop 0.0000; retrieval h0 100% h1 100% h2 100%) gnorm 0.08 lr 1.00e-04 28,130 tok/s (70% trained)
step  10000 loss 0.2911 (lm 0.2911, hop 0.0000; retrieval h0 100% h1 100% h2 100%) gnorm 0.07 lr 1.00e-04 29,016 tok/s (70% trained)
 test_1hop_ood: 1hop 100.0% (n=200, ret 100%) · all 100.0% (n=200, ret 100%)
       test_id: 2hop 100.0% (n=200, ret 100%/100%) · 3hop 100.0% (n=200, ret 100%/100%/100%) · all 100.0% (n=400, ret 100%/100%/100%)
      test_ood: 2hop 100.0% (n=200, ret 100%/100%) · 3hop 100.0% (n=200, ret 100%/100%/100%) · all 100.0% (n=400, ret 100%/100%/100%)
saved runs/latent-a-all/checkpoints/final
