latent: 29.2M params, 544 tokens, mix [('bios', 0.5), ('qa', 0.5)], 10000 steps × 64×256
step    100 loss 9.5714 (lm 4.5029, hop 10.1370; retrieval h0 0% h1 0% h2 0%) gnorm 1.98 lr 1.98e-04 35,481 tok/s (70% trained)
step    200 loss 5.8823 (lm 2.2030, hop 7.3587; retrieval h0 4% h1 3% h2 4%) gnorm 5.45 lr 3.98e-04 33,952 tok/s (70% trained)
step    300 loss 2.5117 (lm 1.3448, hop 2.3337; retrieval h0 73% h1 3% h2 5%) gnorm 2.12 lr 5.98e-04 28,231 tok/s (70% trained)
step    400 loss 1.7176 (lm 1.0782, hop 1.2787; retrieval h0 95% h1 7% h2 5%) gnorm 2.38 lr 7.98e-04 28,397 tok/s (70% trained)
step    500 loss 1.4220 (lm 0.9142, hop 1.0156; retrieval h0 94% h1 33% h2 8%) gnorm 3.38 lr 9.98e-04 29,383 tok/s (70% trained)
step    600 loss 1.2392 (lm 0.8441, hop 0.7903; retrieval h0 95% h1 62% h2 11%) gnorm 3.27 lr 1.00e-03 29,924 tok/s (70% trained)
step    700 loss 1.0840 (lm 0.7844, hop 0.5990; retrieval h0 96% h1 77% h2 23%) gnorm 4.25 lr 9.99e-04 29,517 tok/s (70% trained)
step    800 loss 0.9910 (lm 0.7444, hop 0.4934; retrieval h0 96% h1 84% h2 33%) gnorm 3.56 lr 9.98e-04 29,326 tok/s (70% trained)
step    900 loss 0.9043 (lm 0.7074, hop 0.3938; retrieval h0 97% h1 86% h2 47%) gnorm 2.11 lr 9.96e-04 28,876 tok/s (70% trained)
step   1000 loss 0.8171 (lm 0.6725, hop 0.2891; retrieval h0 98% h1 89% h2 61%) gnorm 2.08 lr 9.94e-04 29,339 tok/s (70% trained)
step   1100 loss 0.7747 (lm 0.6489, hop 0.2515; retrieval h0 98% h1 90% h2 70%) gnorm 3.02 lr 9.91e-04 29,292 tok/s (70% trained)
step   1200 loss 0.7200 (lm 0.6222, hop 0.1956; retrieval h0 98% h1 93% h2 81%) gnorm 1.31 lr 9.88e-04 30,362 tok/s (70% trained)
step   1300 loss 0.7030 (lm 0.5954, hop 0.2152; retrieval h0 98% h1 92% h2 83%) gnorm 1.54 lr 9.84e-04 30,571 tok/s (70% trained)
step   1400 loss 0.6311 (lm 0.5617, hop 0.1388; retrieval h0 99% h1 94% h2 90%) gnorm 2.75 lr 9.80e-04 30,209 tok/s (70% trained)
step   1500 loss 0.5740 (lm 0.5239, hop 0.1002; retrieval h0 99% h1 96% h2 93%) gnorm 3.41 lr 9.76e-04 30,325 tok/s (70% trained)
step   1600 loss 0.5488 (lm 0.4948, hop 0.1080; retrieval h0 99% h1 96% h2 94%) gnorm 0.45 lr 9.71e-04 30,097 tok/s (70% trained)
step   1700 loss 0.5106 (lm 0.4663, hop 0.0886; retrieval h0 99% h1 96% h2 95%) gnorm 2.21 lr 9.65e-04 29,446 tok/s (71% trained)
step   1800 loss 0.4918 (lm 0.4437, hop 0.0961; retrieval h0 99% h1 97% h2 95%) gnorm 1.31 lr 9.59e-04 29,314 tok/s (70% trained)
step   1900 loss 0.4713 (lm 0.4265, hop 0.0896; retrieval h0 99% h1 96% h2 95%) gnorm 0.62 lr 9.53e-04 29,670 tok/s (70% trained)
step   2000 loss 0.4508 (lm 0.4112, hop 0.0792; retrieval h0 99% h1 96% h2 95%) gnorm 1.46 lr 9.46e-04 29,464 tok/s (70% trained)
 test_1hop_ood: 1hop 92.5% (n=200, ret 100%) · all 92.5% (n=200, ret 100%)
       test_id: 2hop 83.0% (n=200, ret 98%/96%) · 3hop 82.5% (n=200, ret 98%/96%/94%) · all 82.8% (n=400, ret 98%/96%/94%)
      test_ood: 2hop 80.5% (n=200, ret 99%/94%) · 3hop 76.0% (n=200, ret 100%/96%/92%) · all 78.2% (n=400, ret 99%/95%/92%)
step   2100 loss 0.4356 (lm 0.3964, hop 0.0783; retrieval h0 99% h1 97% h2 96%) gnorm 7.15 lr 9.39e-04 30,558 tok/s (70% trained)
step   2200 loss 0.4288 (lm 0.3880, hop 0.0816; retrieval h0 99% h1 97% h2 96%) gnorm 0.79 lr 9.31e-04 30,242 tok/s (70% trained)
step   2300 loss 0.4149 (lm 0.3801, hop 0.0696; retrieval h0 99% h1 97% h2 97%) gnorm 1.31 lr 9.23e-04 28,193 tok/s (70% trained)
step   2400 loss 0.3993 (lm 0.3732, hop 0.0522; retrieval h0 99% h1 98% h2 97%) gnorm 0.44 lr 9.14e-04 27,028 tok/s (70% trained)
step   2500 loss 0.3881 (lm 0.3659, hop 0.0445; retrieval h0 100% h1 98% h2 97%) gnorm 0.79 lr 9.05e-04 26,604 tok/s (70% trained)
step   2600 loss 0.3857 (lm 0.3638, hop 0.0437; retrieval h0 100% h1 98% h2 97%) gnorm 2.15 lr 8.96e-04 26,924 tok/s (70% trained)
step   2700 loss 0.3871 (lm 0.3610, hop 0.0522; retrieval h0 100% h1 98% h2 97%) gnorm 1.52 lr 8.86e-04 28,402 tok/s (70% trained)
step   2800 loss 0.3743 (lm 0.3565, hop 0.0355; retrieval h0 100% h1 99% h2 98%) gnorm 0.33 lr 8.76e-04 28,358 tok/s (71% trained)
step   2900 loss 0.3771 (lm 0.3565, hop 0.0413; retrieval h0 100% h1 98% h2 98%) gnorm 0.56 lr 8.66e-04 29,017 tok/s (70% trained)
step   3000 loss 0.3754 (lm 0.3531, hop 0.0445; retrieval h0 100% h1 98% h2 98%) gnorm 0.13 lr 8.55e-04 29,208 tok/s (70% trained)
step   3100 loss 0.3716 (lm 0.3505, hop 0.0423; retrieval h0 100% h1 99% h2 97%) gnorm 1.20 lr 8.44e-04 28,573 tok/s (70% trained)
step   3200 loss 0.3657 (lm 0.3478, hop 0.0357; retrieval h0 100% h1 99% h2 98%) gnorm 0.69 lr 8.32e-04 27,970 tok/s (70% trained)
step   3300 loss 0.3605 (lm 0.3460, hop 0.0291; retrieval h0 100% h1 99% h2 98%) gnorm 0.22 lr 8.21e-04 28,493 tok/s (70% trained)
step   3400 loss 0.3596 (lm 0.3446, hop 0.0300; retrieval h0 100% h1 99% h2 98%) gnorm 0.14 lr 8.09e-04 25,920 tok/s (70% trained)
step   3500 loss 0.3620 (lm 0.3443, hop 0.0354; retrieval h0 100% h1 99% h2 98%) gnorm 2.79 lr 7.96e-04 26,571 tok/s (70% trained)
step   3600 loss 0.3493 (lm 0.3406, hop 0.0174; retrieval h0 100% h1 99% h2 99%) gnorm 0.42 lr 7.84e-04 27,065 tok/s (70% trained)
step   3700 loss 0.3495 (lm 0.3384, hop 0.0223; retrieval h0 100% h1 99% h2 99%) gnorm 0.20 lr 7.71e-04 25,847 tok/s (70% trained)
step   3800 loss 0.3499 (lm 0.3365, hop 0.0267; retrieval h0 100% h1 99% h2 98%) gnorm 1.60 lr 7.58e-04 26,845 tok/s (71% trained)
step   3900 loss 0.3467 (lm 0.3358, hop 0.0218; retrieval h0 100% h1 99% h2 99%) gnorm 1.91 lr 7.44e-04 27,240 tok/s (71% trained)
step   4000 loss 0.3459 (lm 0.3340, hop 0.0239; retrieval h0 100% h1 99% h2 99%) gnorm 0.78 lr 7.31e-04 27,317 tok/s (70% trained)
 test_1hop_ood: 1hop 98.0% (n=200, ret 100%) · all 98.0% (n=200, ret 100%)
       test_id: 2hop 96.0% (n=200, ret 100%/99%) · 3hop 95.5% (n=200, ret 100%/97%/96%) · all 95.8% (n=400, ret 100%/98%/96%)
      test_ood: 2hop 97.0% (n=200, ret 100%/100%) · 3hop 95.0% (n=200, ret 100%/96%/98%) · all 96.0% (n=400, ret 100%/98%/98%)
step   4100 loss 0.3460 (lm 0.3330, hop 0.0259; retrieval h0 100% h1 99% h2 99%) gnorm 0.28 lr 7.17e-04 23,152 tok/s (70% trained)
step   4200 loss 0.3418 (lm 0.3317, hop 0.0202; retrieval h0 100% h1 99% h2 99%) gnorm 0.16 lr 7.03e-04 27,258 tok/s (70% trained)
step   4300 loss 0.3401 (lm 0.3305, hop 0.0192; retrieval h0 100% h1 99% h2 99%) gnorm 0.19 lr 6.89e-04 28,012 tok/s (70% trained)
step   4400 loss 0.3357 (lm 0.3285, hop 0.0144; retrieval h0 100% h1 100% h2 99%) gnorm 0.11 lr 6.75e-04 28,246 tok/s (70% trained)
step   4500 loss 0.3329 (lm 0.3269, hop 0.0120; retrieval h0 100% h1 99% h2 99%) gnorm 0.22 lr 6.61e-04 28,277 tok/s (70% trained)
step   4600 loss 0.3368 (lm 0.3261, hop 0.0214; retrieval h0 100% h1 99% h2 99%) gnorm 0.11 lr 6.46e-04 27,630 tok/s (70% trained)
step   4700 loss 0.3326 (lm 0.3253, hop 0.0147; retrieval h0 100% h1 100% h2 99%) gnorm 1.04 lr 6.32e-04 27,702 tok/s (70% trained)
step   4800 loss 0.3281 (lm 0.3236, hop 0.0089; retrieval h0 100% h1 100% h2 100%) gnorm 0.13 lr 6.17e-04 27,818 tok/s (70% trained)
step   4900 loss 0.3278 (lm 0.3230, hop 0.0098; retrieval h0 100% h1 100% h2 100%) gnorm 0.10 lr 6.02e-04 27,820 tok/s (70% trained)
step   5000 loss 0.3275 (lm 0.3221, hop 0.0108; retrieval h0 100% h1 100% h2 100%) gnorm 0.13 lr 5.87e-04 27,571 tok/s (70% trained)
step   5100 loss 0.3223 (lm 0.3202, hop 0.0042; retrieval h0 100% h1 100% h2 100%) gnorm 0.09 lr 5.72e-04 27,584 tok/s (70% trained)
step   5200 loss 0.3247 (lm 0.3210, hop 0.0075; retrieval h0 100% h1 100% h2 100%) gnorm 0.10 lr 5.58e-04 27,687 tok/s (70% trained)
step   5300 loss 0.3251 (lm 0.3183, hop 0.0135; retrieval h0 100% h1 100% h2 99%) gnorm 0.17 lr 5.43e-04 26,302 tok/s (70% trained)
step   5400 loss 0.3207 (lm 0.3169, hop 0.0077; retrieval h0 100% h1 100% h2 99%) gnorm 0.09 lr 5.28e-04 23,991 tok/s (70% trained)
step   5500 loss 0.3181 (lm 0.3168, hop 0.0026; retrieval h0 100% h1 100% h2 100%) gnorm 0.54 lr 5.13e-04 23,908 tok/s (70% trained)
step   5600 loss 0.3204 (lm 0.3171, hop 0.0066; retrieval h0 100% h1 100% h2 100%) gnorm 0.35 lr 4.98e-04 23,846 tok/s (70% trained)
step   5700 loss 0.3176 (lm 0.3153, hop 0.0046; retrieval h0 100% h1 100% h2 100%) gnorm 0.11 lr 4.83e-04 23,902 tok/s (70% trained)
step   5800 loss 0.3189 (lm 0.3146, hop 0.0087; retrieval h0 100% h1 100% h2 100%) gnorm 0.09 lr 4.69e-04 23,162 tok/s (70% trained)
step   5900 loss 0.3190 (lm 0.3142, hop 0.0095; retrieval h0 100% h1 100% h2 100%) gnorm 0.09 lr 4.54e-04 28,308 tok/s (70% trained)
step   6000 loss 0.3145 (lm 0.3137, hop 0.0017; retrieval h0 100% h1 100% h2 100%) gnorm 2.06 lr 4.40e-04 28,787 tok/s (70% trained)
 test_1hop_ood: 1hop 100.0% (n=200, ret 100%) · all 100.0% (n=200, ret 100%)
       test_id: 2hop 98.5% (n=200, ret 100%/100%) · 3hop 97.5% (n=200, ret 100%/100%/100%) · all 98.0% (n=400, ret 100%/100%/100%)
      test_ood: 2hop 98.5% (n=200, ret 100%/100%) · 3hop 98.5% (n=200, ret 100%/100%/100%) · all 98.5% (n=400, ret 100%/100%/100%)
step   6100 loss 0.3211 (lm 0.3135, hop 0.0152; retrieval h0 100% h1 100% h2 100%) gnorm 0.11 lr 4.25e-04 28,179 tok/s (70% trained)
step   6200 loss 0.3129 (lm 0.3122, hop 0.0014; retrieval h0 100% h1 100% h2 100%) gnorm 0.08 lr 4.11e-04 27,819 tok/s (70% trained)
step   6300 loss 0.3123 (lm 0.3118, hop 0.0011; retrieval h0 100% h1 100% h2 100%) gnorm 0.09 lr 3.97e-04 28,225 tok/s (70% trained)
step   6400 loss 0.3131 (lm 0.3117, hop 0.0029; retrieval h0 100% h1 100% h2 100%) gnorm 0.12 lr 3.83e-04 26,936 tok/s (70% trained)
step   6500 loss 0.3137 (lm 0.3109, hop 0.0057; retrieval h0 100% h1 100% h2 100%) gnorm 0.08 lr 3.69e-04 28,232 tok/s (70% trained)
step   6600 loss 0.3116 (lm 0.3101, hop 0.0029; retrieval h0 100% h1 100% h2 100%) gnorm 0.07 lr 3.56e-04 27,394 tok/s (70% trained)
step   6700 loss 0.3113 (lm 0.3098, hop 0.0031; retrieval h0 100% h1 100% h2 100%) gnorm 0.15 lr 3.43e-04 29,133 tok/s (70% trained)
step   6800 loss 0.3112 (lm 0.3095, hop 0.0034; retrieval h0 100% h1 100% h2 100%) gnorm 0.08 lr 3.29e-04 28,454 tok/s (70% trained)
step   6900 loss 0.3085 (lm 0.3082, hop 0.0006; retrieval h0 100% h1 100% h2 100%) gnorm 0.08 lr 3.17e-04 28,145 tok/s (70% trained)
step   7000 loss 0.3097 (lm 0.3085, hop 0.0024; retrieval h0 100% h1 100% h2 100%) gnorm 0.09 lr 3.04e-04 28,743 tok/s (70% trained)
step   7100 loss 0.3079 (lm 0.3078, hop 0.0001; retrieval h0 100% h1 100% h2 100%) gnorm 0.07 lr 2.92e-04 29,083 tok/s (70% trained)
step   7200 loss 0.3067 (lm 0.3067, hop 0.0000; retrieval h0 100% h1 100% h2 100%) gnorm 0.08 lr 2.80e-04 29,615 tok/s (70% trained)
step   7300 loss 0.3076 (lm 0.3075, hop 0.0002; retrieval h0 100% h1 100% h2 100%) gnorm 0.08 lr 2.68e-04 29,330 tok/s (70% trained)
step   7400 loss 0.3070 (lm 0.3067, hop 0.0006; retrieval h0 100% h1 100% h2 100%) gnorm 0.07 lr 2.56e-04 29,660 tok/s (70% trained)
step   7500 loss 0.3058 (lm 0.3058, hop 0.0001; retrieval h0 100% h1 100% h2 100%) gnorm 0.07 lr 2.45e-04 29,652 tok/s (70% trained)
step   7600 loss 0.3045 (lm 0.3044, hop 0.0002; retrieval h0 100% h1 100% h2 100%) gnorm 0.08 lr 2.35e-04 29,990 tok/s (70% trained)
step   7700 loss 0.3041 (lm 0.3040, hop 0.0000; retrieval h0 100% h1 100% h2 100%) gnorm 0.07 lr 2.24e-04 29,070 tok/s (70% trained)
step   7800 loss 0.3035 (lm 0.3035, hop 0.0000; retrieval h0 100% h1 100% h2 100%) gnorm 0.07 lr 2.14e-04 27,443 tok/s (70% trained)
step   7900 loss 0.3029 (lm 0.3028, hop 0.0003; retrieval h0 100% h1 100% h2 100%) gnorm 0.09 lr 2.04e-04 28,721 tok/s (70% trained)
step   8000 loss 0.3023 (lm 0.3023, hop 0.0000; retrieval h0 100% h1 100% h2 100%) gnorm 0.08 lr 1.95e-04 28,759 tok/s (70% trained)
 test_1hop_ood: 1hop 100.0% (n=200, ret 100%) · all 100.0% (n=200, ret 100%)
       test_id: 2hop 99.0% (n=200, ret 100%/100%) · 3hop 99.5% (n=200, ret 100%/100%/100%) · all 99.2% (n=400, ret 100%/100%/100%)
      test_ood: 2hop 100.0% (n=200, ret 100%/100%) · 3hop 99.5% (n=200, ret 100%/100%/100%) · all 99.8% (n=400, ret 100%/100%/100%)
step   8100 loss 0.3010 (lm 0.3010, hop 0.0000; retrieval h0 100% h1 100% h2 100%) gnorm 0.09 lr 1.86e-04 30,838 tok/s (70% trained)
step   8200 loss 0.3015 (lm 0.3015, hop 0.0000; retrieval h0 100% h1 100% h2 100%) gnorm 0.08 lr 1.77e-04 30,219 tok/s (70% trained)
step   8300 loss 0.3006 (lm 0.3006, hop 0.0001; retrieval h0 100% h1 100% h2 100%) gnorm 0.08 lr 1.69e-04 30,138 tok/s (70% trained)
step   8400 loss 0.2999 (lm 0.2998, hop 0.0001; retrieval h0 100% h1 100% h2 100%) gnorm 0.07 lr 1.62e-04 28,786 tok/s (70% trained)
step   8500 loss 0.2998 (lm 0.2998, hop 0.0000; retrieval h0 100% h1 100% h2 100%) gnorm 0.07 lr 1.54e-04 29,461 tok/s (70% trained)
step   8600 loss 0.2990 (lm 0.2990, hop 0.0000; retrieval h0 100% h1 100% h2 100%) gnorm 0.08 lr 1.47e-04 29,704 tok/s (70% trained)
step   8700 loss 0.2984 (lm 0.2984, hop 0.0000; retrieval h0 100% h1 100% h2 100%) gnorm 0.08 lr 1.41e-04 30,189 tok/s (70% trained)
step   8800 loss 0.2979 (lm 0.2979, hop 0.0000; retrieval h0 100% h1 100% h2 100%) gnorm 0.08 lr 1.35e-04 28,051 tok/s (70% trained)
step   8900 loss 0.2975 (lm 0.2975, hop 0.0000; retrieval h0 100% h1 100% h2 100%) gnorm 0.07 lr 1.29e-04 29,523 tok/s (70% trained)
step   9000 loss 0.2974 (lm 0.2974, hop 0.0000; retrieval h0 100% h1 100% h2 100%) gnorm 0.08 lr 1.24e-04 29,690 tok/s (70% trained)
step   9100 loss 0.2966 (lm 0.2966, hop 0.0000; retrieval h0 100% h1 100% h2 100%) gnorm 0.08 lr 1.20e-04 27,719 tok/s (70% trained)
step   9200 loss 0.2962 (lm 0.2962, hop 0.0000; retrieval h0 100% h1 100% h2 100%) gnorm 0.08 lr 1.16e-04 28,230 tok/s (70% trained)
step   9300 loss 0.2965 (lm 0.2965, hop 0.0000; retrieval h0 100% h1 100% h2 100%) gnorm 0.08 lr 1.12e-04 28,358 tok/s (70% trained)
step   9400 loss 0.2956 (lm 0.2956, hop 0.0000; retrieval h0 100% h1 100% h2 100%) gnorm 0.07 lr 1.09e-04 27,761 tok/s (70% trained)
step   9500 loss 0.2955 (lm 0.2955, hop 0.0000; retrieval h0 100% h1 100% h2 100%) gnorm 0.07 lr 1.06e-04 28,450 tok/s (71% trained)
step   9600 loss 0.2949 (lm 0.2949, hop 0.0000; retrieval h0 100% h1 100% h2 100%) gnorm 0.08 lr 1.04e-04 29,500 tok/s (70% trained)
step   9700 loss 0.2950 (lm 0.2950, hop 0.0000; retrieval h0 100% h1 100% h2 100%) gnorm 0.09 lr 1.02e-04 28,561 tok/s (70% trained)
step   9800 loss 0.2946 (lm 0.2946, hop 0.0000; retrieval h0 100% h1 100% h2 100%) gnorm 0.08 lr 1.01e-04 28,562 tok/s (70% trained)
step   9900 loss 0.2944 (lm 0.2944, hop 0.0000; retrieval h0 100% h1 100% h2 100%) gnorm 0.08 lr 1.00e-04 29,066 tok/s (70% trained)
step  10000 loss 0.2945 (lm 0.2945, hop 0.0000; retrieval h0 100% h1 100% h2 100%) gnorm 0.08 lr 1.00e-04 28,707 tok/s (70% trained)
 test_1hop_ood: 1hop 100.0% (n=200, ret 100%) · all 100.0% (n=200, ret 100%)
       test_id: 2hop 100.0% (n=200, ret 100%/100%) · 3hop 99.0% (n=200, ret 100%/100%/100%) · all 99.5% (n=400, ret 100%/100%/100%)
      test_ood: 2hop 100.0% (n=200, ret 100%/100%) · 3hop 99.0% (n=200, ret 100%/100%/100%) · all 99.5% (n=400, ret 100%/100%/100%)
saved runs/latent-a/checkpoints/final
