lookup: 25.5M params, 544 tokens, mix [('bios', 0.5), ('qa', 0.5)], 10000 steps × 64×256
step    100 loss 4.1678 gnorm 2.94 lr 1.98e-04 34,940 tok/s (53% trained)
step    200 loss 1.5873 gnorm 1.90 lr 3.98e-04 34,571 tok/s (53% trained)
step    300 loss 0.4189 gnorm 0.46 lr 5.98e-04 34,487 tok/s (53% trained)
step    400 loss 0.3303 gnorm 0.25 lr 7.98e-04 34,719 tok/s (53% trained)
step    500 loss 0.3190 gnorm 0.20 lr 9.98e-04 34,740 tok/s (53% trained)
step    600 loss 0.3150 gnorm 0.49 lr 1.00e-03 34,886 tok/s (53% trained)
step    700 loss 0.3068 gnorm 0.17 lr 9.99e-04 35,196 tok/s (53% trained)
step    800 loss 0.3032 gnorm 0.15 lr 9.98e-04 35,515 tok/s (53% trained)
step    900 loss 0.3028 gnorm 0.16 lr 9.96e-04 38,074 tok/s (53% trained)
step   1000 loss 0.3005 gnorm 0.11 lr 9.94e-04 35,670 tok/s (53% trained)
step   1100 loss 0.2990 gnorm 0.14 lr 9.91e-04 35,499 tok/s (53% trained)
step   1200 loss 0.2972 gnorm 0.11 lr 9.88e-04 35,743 tok/s (53% trained)
step   1300 loss 0.2964 gnorm 0.10 lr 9.84e-04 34,983 tok/s (53% trained)
step   1400 loss 0.2962 gnorm 0.15 lr 9.80e-04 34,667 tok/s (53% trained)
step   1500 loss 0.2935 gnorm 0.09 lr 9.76e-04 47,066 tok/s (53% trained)
step   1600 loss 0.2942 gnorm 0.08 lr 9.71e-04 45,970 tok/s (53% trained)
step   1700 loss 0.2930 gnorm 0.11 lr 9.65e-04 35,264 tok/s (53% trained)
step   1800 loss 0.2917 gnorm 0.08 lr 9.59e-04 33,084 tok/s (53% trained)
step   1900 loss 0.2911 gnorm 0.13 lr 9.53e-04 35,594 tok/s (53% trained)
step   2000 loss 0.2926 gnorm 0.10 lr 9.46e-04 51,406 tok/s (53% trained)
 test_1hop_ood: 1hop 100.0% (n=200, trace 100%) · all 100.0% (n=200, trace 100%)
       test_id: 2hop 98.5% (n=200, trace 100%) · 3hop 96.0% (n=200, trace 97%) · all 97.2% (n=400, trace 98%)
      test_ood: 2hop 99.0% (n=200, trace 100%) · 3hop 97.5% (n=200, trace 98%) · all 98.2% (n=400, trace 99%)
step   2100 loss 0.2893 gnorm 0.09 lr 9.39e-04 75,553 tok/s (53% trained)
step   2200 loss 0.2871 gnorm 0.08 lr 9.31e-04 75,231 tok/s (53% trained)
step   2300 loss 0.2877 gnorm 0.07 lr 9.23e-04 75,596 tok/s (53% trained)
step   2400 loss 0.2861 gnorm 0.08 lr 9.14e-04 75,810 tok/s (53% trained)
step   2500 loss 0.2847 gnorm 0.09 lr 9.05e-04 77,062 tok/s (53% trained)
step   2600 loss 0.2826 gnorm 0.08 lr 8.96e-04 77,575 tok/s (53% trained)
step   2700 loss 0.2809 gnorm 0.07 lr 8.86e-04 77,706 tok/s (53% trained)
step   2800 loss 0.2799 gnorm 0.08 lr 8.76e-04 77,064 tok/s (53% trained)
step   2900 loss 0.2782 gnorm 0.07 lr 8.66e-04 75,484 tok/s (53% trained)
step   3000 loss 0.2762 gnorm 0.08 lr 8.55e-04 77,262 tok/s (53% trained)
step   3100 loss 0.2729 gnorm 0.08 lr 8.44e-04 76,841 tok/s (53% trained)
step   3200 loss 0.2700 gnorm 0.07 lr 8.32e-04 76,460 tok/s (53% trained)
step   3300 loss 0.2659 gnorm 0.07 lr 8.21e-04 76,072 tok/s (53% trained)
step   3400 loss 0.2618 gnorm 0.21 lr 8.09e-04 75,682 tok/s (53% trained)
step   3500 loss 0.2559 gnorm 0.07 lr 7.96e-04 75,802 tok/s (53% trained)
step   3600 loss 0.2503 gnorm 0.08 lr 7.84e-04 75,946 tok/s (53% trained)
step   3700 loss 0.2432 gnorm 0.08 lr 7.71e-04 75,716 tok/s (53% trained)
step   3800 loss 0.2354 gnorm 0.09 lr 7.58e-04 75,813 tok/s (53% trained)
step   3900 loss 0.2296 gnorm 0.09 lr 7.44e-04 75,888 tok/s (53% trained)
step   4000 loss 0.2244 gnorm 0.08 lr 7.31e-04 75,987 tok/s (53% trained)
 test_1hop_ood: 1hop 100.0% (n=200, trace 100%) · all 100.0% (n=200, trace 100%)
       test_id: 2hop 99.5% (n=200, trace 100%) · 3hop 100.0% (n=200, trace 100%) · all 99.8% (n=400, trace 100%)
      test_ood: 2hop 100.0% (n=200, trace 100%) · 3hop 100.0% (n=200, trace 100%) · all 100.0% (n=400, trace 100%)
step   4100 loss 0.2167 gnorm 0.08 lr 7.17e-04 75,530 tok/s (53% trained)
step   4200 loss 0.2117 gnorm 0.07 lr 7.03e-04 75,074 tok/s (53% trained)
step   4300 loss 0.2087 gnorm 0.08 lr 6.89e-04 74,599 tok/s (53% trained)
step   4400 loss 0.2032 gnorm 0.09 lr 6.75e-04 74,191 tok/s (53% trained)
step   4500 loss 0.2010 gnorm 0.09 lr 6.61e-04 73,961 tok/s (53% trained)
step   4600 loss 0.1982 gnorm 0.09 lr 6.46e-04 74,569 tok/s (53% trained)
step   4700 loss 0.1953 gnorm 0.07 lr 6.32e-04 74,208 tok/s (53% trained)
step   4800 loss 0.1935 gnorm 0.08 lr 6.17e-04 74,095 tok/s (53% trained)
step   4900 loss 0.1932 gnorm 0.07 lr 6.02e-04 73,577 tok/s (53% trained)
step   5000 loss 0.1908 gnorm 0.08 lr 5.87e-04 73,854 tok/s (53% trained)
step   5100 loss 0.1888 gnorm 0.08 lr 5.72e-04 74,268 tok/s (53% trained)
step   5200 loss 0.1889 gnorm 0.08 lr 5.58e-04 73,835 tok/s (53% trained)
step   5300 loss 0.1875 gnorm 0.07 lr 5.43e-04 73,608 tok/s (53% trained)
step   5400 loss 0.1862 gnorm 0.07 lr 5.28e-04 67,706 tok/s (53% trained)
step   5500 loss 0.1865 gnorm 0.08 lr 5.13e-04 62,708 tok/s (53% trained)
step   5600 loss 0.1857 gnorm 0.08 lr 4.98e-04 72,447 tok/s (53% trained)
step   5700 loss 0.1854 gnorm 0.07 lr 4.83e-04 72,749 tok/s (53% trained)
step   5800 loss 0.1855 gnorm 0.07 lr 4.69e-04 71,145 tok/s (53% trained)
step   5900 loss 0.1845 gnorm 0.08 lr 4.54e-04 69,330 tok/s (53% trained)
step   6000 loss 0.1849 gnorm 0.08 lr 4.40e-04 71,871 tok/s (53% trained)
 test_1hop_ood: 1hop 100.0% (n=200, trace 100%) · all 100.0% (n=200, trace 100%)
       test_id: 2hop 100.0% (n=200, trace 100%) · 3hop 100.0% (n=200, trace 100%) · all 100.0% (n=400, trace 100%)
      test_ood: 2hop 100.0% (n=200, trace 100%) · 3hop 100.0% (n=200, trace 100%) · all 100.0% (n=400, trace 100%)
step   6100 loss 0.1833 gnorm 0.06 lr 4.25e-04 71,216 tok/s (53% trained)
step   6200 loss 0.1823 gnorm 0.07 lr 4.11e-04 71,980 tok/s (53% trained)
step   6300 loss 0.1819 gnorm 0.06 lr 3.97e-04 69,930 tok/s (53% trained)
step   6400 loss 0.1809 gnorm 0.06 lr 3.83e-04 71,522 tok/s (53% trained)
step   6500 loss 0.1816 gnorm 0.06 lr 3.69e-04 71,180 tok/s (53% trained)
step   6600 loss 0.1809 gnorm 0.05 lr 3.56e-04 71,984 tok/s (53% trained)
step   6700 loss 0.1810 gnorm 0.07 lr 3.43e-04 72,472 tok/s (53% trained)
step   6800 loss 0.1801 gnorm 0.08 lr 3.29e-04 72,663 tok/s (53% trained)
step   6900 loss 0.1803 gnorm 0.07 lr 3.17e-04 72,325 tok/s (53% trained)
step   7000 loss 0.1800 gnorm 0.06 lr 3.04e-04 73,057 tok/s (53% trained)
step   7100 loss 0.1794 gnorm 0.06 lr 2.92e-04 73,542 tok/s (53% trained)
step   7200 loss 0.1789 gnorm 0.06 lr 2.80e-04 73,147 tok/s (53% trained)
step   7300 loss 0.1793 gnorm 0.06 lr 2.68e-04 72,340 tok/s (53% trained)
step   7400 loss 0.1786 gnorm 0.06 lr 2.56e-04 73,256 tok/s (53% trained)
step   7500 loss 0.1791 gnorm 0.06 lr 2.45e-04 73,163 tok/s (53% trained)
step   7600 loss 0.1784 gnorm 0.05 lr 2.35e-04 72,356 tok/s (53% trained)
step   7700 loss 0.1772 gnorm 0.06 lr 2.24e-04 71,574 tok/s (53% trained)
step   7800 loss 0.1784 gnorm 0.05 lr 2.14e-04 72,638 tok/s (53% trained)
step   7900 loss 0.1778 gnorm 0.06 lr 2.04e-04 72,479 tok/s (53% trained)
step   8000 loss 0.1766 gnorm 0.06 lr 1.95e-04 72,230 tok/s (53% trained)
 test_1hop_ood: 1hop 100.0% (n=200, trace 100%) · all 100.0% (n=200, trace 100%)
       test_id: 2hop 100.0% (n=200, trace 100%) · 3hop 100.0% (n=200, trace 100%) · all 100.0% (n=400, trace 100%)
      test_ood: 2hop 100.0% (n=200, trace 100%) · 3hop 100.0% (n=200, trace 100%) · all 100.0% (n=400, trace 100%)
step   8100 loss 0.1769 gnorm 0.06 lr 1.86e-04 73,106 tok/s (53% trained)
step   8200 loss 0.1780 gnorm 0.07 lr 1.77e-04 73,192 tok/s (53% trained)
step   8300 loss 0.1779 gnorm 0.06 lr 1.69e-04 73,226 tok/s (53% trained)
step   8400 loss 0.1772 gnorm 0.05 lr 1.62e-04 73,105 tok/s (53% trained)
step   8500 loss 0.1764 gnorm 0.06 lr 1.54e-04 71,522 tok/s (53% trained)
step   8600 loss 0.1762 gnorm 0.06 lr 1.47e-04 72,981 tok/s (53% trained)
step   8700 loss 0.1767 gnorm 0.06 lr 1.41e-04 73,190 tok/s (53% trained)
step   8800 loss 0.1770 gnorm 0.05 lr 1.35e-04 73,056 tok/s (53% trained)
step   8900 loss 0.1761 gnorm 0.07 lr 1.29e-04 72,959 tok/s (53% trained)
step   9000 loss 0.1758 gnorm 0.05 lr 1.24e-04 72,905 tok/s (53% trained)
step   9100 loss 0.1767 gnorm 0.06 lr 1.20e-04 72,966 tok/s (53% trained)
step   9200 loss 0.1767 gnorm 0.06 lr 1.16e-04 72,336 tok/s (53% trained)
step   9300 loss 0.1752 gnorm 0.05 lr 1.12e-04 72,699 tok/s (53% trained)
step   9400 loss 0.1764 gnorm 0.06 lr 1.09e-04 72,645 tok/s (53% trained)
step   9500 loss 0.1752 gnorm 0.06 lr 1.06e-04 72,746 tok/s (53% trained)
step   9600 loss 0.1761 gnorm 0.05 lr 1.04e-04 72,915 tok/s (53% trained)
step   9700 loss 0.1748 gnorm 0.06 lr 1.02e-04 72,440 tok/s (53% trained)
step   9800 loss 0.1765 gnorm 0.05 lr 1.01e-04 72,984 tok/s (53% trained)
step   9900 loss 0.1758 gnorm 0.06 lr 1.00e-04 73,164 tok/s (53% trained)
step  10000 loss 0.1754 gnorm 0.06 lr 1.00e-04 73,059 tok/s (53% trained)
 test_1hop_ood: 1hop 100.0% (n=200, trace 100%) · all 100.0% (n=200, trace 100%)
       test_id: 2hop 100.0% (n=200, trace 100%) · 3hop 100.0% (n=200, trace 100%) · all 100.0% (n=400, trace 100%)
      test_ood: 2hop 100.0% (n=200, trace 100%) · 3hop 100.0% (n=200, trace 100%) · all 100.0% (n=400, trace 100%)
saved runs/lookup-a/checkpoints/final
