context: 25.5M params, 544 tokens, mix [('bios', 0.5), ('qa', 0.5)], 16 world(s), 10000 steps × 64×256
step    100 loss 4.6944 gnorm 1.74 lr 1.98e-04 78,696 tok/s (30% trained)
step    200 loss 2.7568 gnorm 1.82 lr 3.98e-04 96,651 tok/s (30% trained)
step    300 loss 1.7424 gnorm 0.80 lr 5.98e-04 92,354 tok/s (29% trained)
step    400 loss 1.5801 gnorm 0.56 lr 7.98e-04 89,086 tok/s (30% trained)
step    500 loss 1.5238 gnorm 0.53 lr 9.98e-04 89,718 tok/s (29% trained)
step    600 loss 1.4854 gnorm 0.75 lr 1.00e-03 90,273 tok/s (29% trained)
step    700 loss 1.4532 gnorm 0.38 lr 9.99e-04 87,155 tok/s (29% trained)
step    800 loss 1.4182 gnorm 0.40 lr 9.98e-04 84,674 tok/s (30% trained)
step    900 loss 1.4004 gnorm 0.37 lr 9.96e-04 82,433 tok/s (30% trained)
step   1000 loss 1.3787 gnorm 0.40 lr 9.94e-04 77,284 tok/s (29% trained)
step   1100 loss 1.3587 gnorm 0.33 lr 9.91e-04 74,691 tok/s (30% trained)
step   1200 loss 1.3359 gnorm 0.32 lr 9.88e-04 76,679 tok/s (30% trained)
step   1300 loss 1.3124 gnorm 0.31 lr 9.84e-04 77,173 tok/s (30% trained)
step   1400 loss 1.2957 gnorm 0.30 lr 9.80e-04 77,951 tok/s (29% trained)
step   1500 loss 1.2811 gnorm 0.26 lr 9.76e-04 77,782 tok/s (29% trained)
step   1600 loss 1.2723 gnorm 0.28 lr 9.71e-04 77,497 tok/s (30% trained)
step   1700 loss 1.2652 gnorm 0.26 lr 9.65e-04 77,792 tok/s (30% trained)
step   1800 loss 1.2597 gnorm 0.26 lr 9.59e-04 76,844 tok/s (30% trained)
step   1900 loss 1.2506 gnorm 0.21 lr 9.53e-04 77,464 tok/s (30% trained)
step   2000 loss 1.2421 gnorm 0.27 lr 9.46e-04 77,183 tok/s (30% trained)
 test_1hop_ood: 1hop 18.0% (n=200) · all 18.0% (n=200)
       test_id: 2hop 41.0% (n=200) · 3hop 46.5% (n=200) · all 43.8% (n=400)
      test_ood: 2hop 49.5% (n=200) · 3hop 48.5% (n=200) · all 49.0% (n=400)
step   2100 loss 1.2305 gnorm 0.25 lr 9.39e-04 77,376 tok/s (29% trained)
step   2200 loss 1.2335 gnorm 0.25 lr 9.31e-04 81,406 tok/s (29% trained)
step   2300 loss 1.2254 gnorm 0.22 lr 9.23e-04 77,826 tok/s (29% trained)
step   2400 loss 1.2183 gnorm 0.22 lr 9.14e-04 77,808 tok/s (30% trained)
step   2500 loss 1.2197 gnorm 0.21 lr 9.05e-04 77,189 tok/s (30% trained)
step   2600 loss 1.2142 gnorm 0.25 lr 8.96e-04 73,486 tok/s (30% trained)
step   2700 loss 1.2140 gnorm 0.22 lr 8.86e-04 75,972 tok/s (31% trained)
step   2800 loss 1.2074 gnorm 0.20 lr 8.76e-04 77,550 tok/s (29% trained)
step   2900 loss 1.2057 gnorm 0.19 lr 8.66e-04 78,077 tok/s (30% trained)
step   3000 loss 1.2037 gnorm 0.21 lr 8.55e-04 78,052 tok/s (29% trained)
step   3100 loss 1.2015 gnorm 0.19 lr 8.44e-04 78,093 tok/s (30% trained)
step   3200 loss 1.1969 gnorm 0.20 lr 8.32e-04 78,352 tok/s (30% trained)
step   3300 loss 1.1954 gnorm 0.22 lr 8.21e-04 78,489 tok/s (30% trained)
step   3400 loss 1.1941 gnorm 0.18 lr 8.09e-04 78,266 tok/s (29% trained)
step   3500 loss 1.1894 gnorm 0.19 lr 7.96e-04 78,504 tok/s (29% trained)
step   3600 loss 1.1858 gnorm 0.20 lr 7.84e-04 78,613 tok/s (29% trained)
step   3700 loss 1.1851 gnorm 0.18 lr 7.71e-04 78,557 tok/s (29% trained)
step   3800 loss 1.1844 gnorm 0.21 lr 7.58e-04 71,797 tok/s (29% trained)
step   3900 loss 1.1825 gnorm 0.19 lr 7.44e-04 74,565 tok/s (29% trained)
step   4000 loss 1.1812 gnorm 0.15 lr 7.31e-04 74,558 tok/s (30% trained)
 test_1hop_ood: 1hop 20.0% (n=200) · all 20.0% (n=200)
       test_id: 2hop 54.5% (n=200) · 3hop 62.5% (n=200) · all 58.5% (n=400)
      test_ood: 2hop 56.0% (n=200) · 3hop 60.0% (n=200) · all 58.0% (n=400)
step   4100 loss 1.1748 gnorm 0.15 lr 7.17e-04 73,968 tok/s (29% trained)
step   4200 loss 1.1787 gnorm 0.18 lr 7.03e-04 75,143 tok/s (29% trained)
step   4300 loss 1.1750 gnorm 0.18 lr 6.89e-04 73,752 tok/s (29% trained)
step   4400 loss 1.1720 gnorm 0.19 lr 6.75e-04 73,098 tok/s (29% trained)
step   4500 loss 1.1728 gnorm 0.20 lr 6.61e-04 72,353 tok/s (30% trained)
step   4600 loss 1.1691 gnorm 0.19 lr 6.46e-04 71,641 tok/s (30% trained)
step   4700 loss 1.1721 gnorm 0.18 lr 6.32e-04 72,579 tok/s (30% trained)
step   4800 loss 1.1678 gnorm 0.19 lr 6.17e-04 72,642 tok/s (30% trained)
step   4900 loss 1.1676 gnorm 0.18 lr 6.02e-04 72,607 tok/s (30% trained)
step   5000 loss 1.1666 gnorm 0.18 lr 5.87e-04 73,265 tok/s (30% trained)
step   5100 loss 1.1644 gnorm 0.17 lr 5.72e-04 72,512 tok/s (30% trained)
step   5200 loss 1.1595 gnorm 0.16 lr 5.58e-04 72,708 tok/s (30% trained)
step   5300 loss 1.1608 gnorm 0.18 lr 5.43e-04 72,820 tok/s (30% trained)
step   5400 loss 1.1582 gnorm 0.18 lr 5.28e-04 72,607 tok/s (29% trained)
step   5500 loss 1.1563 gnorm 0.19 lr 5.13e-04 73,764 tok/s (29% trained)
step   5600 loss 1.1547 gnorm 0.18 lr 4.98e-04 74,939 tok/s (30% trained)
step   5700 loss 1.1530 gnorm 0.17 lr 4.83e-04 77,670 tok/s (30% trained)
step   5800 loss 1.1538 gnorm 0.19 lr 4.69e-04 78,071 tok/s (29% trained)
step   5900 loss 1.1532 gnorm 0.18 lr 4.54e-04 77,826 tok/s (30% trained)
step   6000 loss 1.1485 gnorm 0.18 lr 4.40e-04 78,349 tok/s (29% trained)
 test_1hop_ood: 1hop 48.5% (n=200) · all 48.5% (n=200)
       test_id: 2hop 59.0% (n=200) · 3hop 70.0% (n=200) · all 64.5% (n=400)
      test_ood: 2hop 60.5% (n=200) · 3hop 59.5% (n=200) · all 60.0% (n=400)
step   6100 loss 1.1482 gnorm 0.17 lr 4.25e-04 79,266 tok/s (30% trained)
step   6200 loss 1.1454 gnorm 0.16 lr 4.11e-04 79,321 tok/s (29% trained)
step   6300 loss 1.1433 gnorm 0.18 lr 3.97e-04 80,021 tok/s (29% trained)
step   6400 loss 1.1440 gnorm 0.15 lr 3.83e-04 79,546 tok/s (30% trained)
step   6500 loss 1.1424 gnorm 0.15 lr 3.69e-04 76,311 tok/s (30% trained)
step   6600 loss 1.1408 gnorm 0.17 lr 3.56e-04 75,346 tok/s (30% trained)
step   6700 loss 1.1378 gnorm 0.16 lr 3.43e-04 76,744 tok/s (29% trained)
step   6800 loss 1.1378 gnorm 0.17 lr 3.29e-04 76,490 tok/s (30% trained)
step   6900 loss 1.1346 gnorm 0.19 lr 3.17e-04 66,840 tok/s (29% trained)
step   7000 loss 1.1337 gnorm 0.17 lr 3.04e-04 71,224 tok/s (29% trained)
step   7100 loss 1.1298 gnorm 0.18 lr 2.92e-04 75,334 tok/s (29% trained)
step   7200 loss 1.1300 gnorm 0.17 lr 2.80e-04 76,094 tok/s (29% trained)
step   7300 loss 1.1268 gnorm 0.16 lr 2.68e-04 76,834 tok/s (30% trained)
step   7400 loss 1.1267 gnorm 0.18 lr 2.56e-04 77,219 tok/s (30% trained)
step   7500 loss 1.1219 gnorm 0.17 lr 2.45e-04 77,133 tok/s (30% trained)
step   7600 loss 1.1197 gnorm 0.18 lr 2.35e-04 77,217 tok/s (30% trained)
step   7700 loss 1.1184 gnorm 0.17 lr 2.24e-04 79,542 tok/s (29% trained)
step   7800 loss 1.1177 gnorm 0.16 lr 2.14e-04 76,739 tok/s (30% trained)
step   7900 loss 1.1139 gnorm 0.18 lr 2.04e-04 75,500 tok/s (29% trained)
step   8000 loss 1.1100 gnorm 0.18 lr 1.95e-04 76,640 tok/s (29% trained)
 test_1hop_ood: 1hop 85.0% (n=200) · all 85.0% (n=200)
       test_id: 2hop 73.0% (n=200) · 3hop 76.0% (n=200) · all 74.5% (n=400)
      test_ood: 2hop 72.0% (n=200) · 3hop 67.5% (n=200) · all 69.8% (n=400)
step   8100 loss 1.1108 gnorm 0.20 lr 1.86e-04 60,799 tok/s (29% trained)
step   8200 loss 1.1090 gnorm 0.19 lr 1.77e-04 70,776 tok/s (30% trained)
step   8300 loss 1.1075 gnorm 0.19 lr 1.69e-04 68,956 tok/s (29% trained)
step   8400 loss 1.1023 gnorm 0.18 lr 1.62e-04 68,994 tok/s (29% trained)
step   8500 loss 1.1038 gnorm 0.20 lr 1.54e-04 70,091 tok/s (30% trained)
step   8600 loss 1.0980 gnorm 0.17 lr 1.47e-04 70,537 tok/s (29% trained)
step   8700 loss 1.1001 gnorm 0.17 lr 1.41e-04 69,897 tok/s (29% trained)
step   8800 loss 1.0994 gnorm 0.19 lr 1.35e-04 64,833 tok/s (30% trained)
step   8900 loss 1.0938 gnorm 0.21 lr 1.29e-04 64,046 tok/s (30% trained)
step   9000 loss 1.0952 gnorm 0.18 lr 1.24e-04 66,511 tok/s (30% trained)
step   9100 loss 1.0934 gnorm 0.17 lr 1.20e-04 67,951 tok/s (30% trained)
step   9200 loss 1.0922 gnorm 0.17 lr 1.16e-04 67,735 tok/s (30% trained)
step   9300 loss 1.0929 gnorm 0.20 lr 1.12e-04 64,665 tok/s (30% trained)
step   9400 loss 1.0862 gnorm 0.16 lr 1.09e-04 62,841 tok/s (29% trained)
step   9500 loss 1.0918 gnorm 0.21 lr 1.06e-04 62,473 tok/s (30% trained)
step   9600 loss 1.0857 gnorm 0.18 lr 1.04e-04 63,078 tok/s (30% trained)
step   9700 loss 1.0864 gnorm 0.19 lr 1.02e-04 68,209 tok/s (30% trained)
step   9800 loss 1.0867 gnorm 0.23 lr 1.01e-04 68,082 tok/s (30% trained)
step   9900 loss 1.0848 gnorm 0.22 lr 1.00e-04 68,716 tok/s (29% trained)
step  10000 loss 1.0827 gnorm 0.20 lr 1.00e-04 69,120 tok/s (29% trained)
 test_1hop_ood: 1hop 92.0% (n=200) · all 92.0% (n=200)
       test_id: 2hop 82.0% (n=200) · 3hop 74.5% (n=200) · all 78.2% (n=400)
      test_ood: 2hop 75.0% (n=200) · 3hop 78.5% (n=200) · all 76.8% (n=400)
saved runs/context-multi-bios/checkpoints/final

[exited with code 0]
