context: 25.5M params, 544 tokens, mix [('bios', 0.5), ('qa', 0.5)], 16 world(s), 20000 steps × 64×256
step    100 loss 4.6908 gnorm 1.82 lr 1.98e-04 94,922 tok/s (30% trained)
step    200 loss 2.7592 gnorm 1.75 lr 3.98e-04 86,354 tok/s (30% trained)
step    300 loss 1.7640 gnorm 0.82 lr 5.98e-04 80,401 tok/s (29% trained)
step    400 loss 1.5705 gnorm 0.58 lr 7.98e-04 66,317 tok/s (30% trained)
step    500 loss 1.5228 gnorm 0.47 lr 9.98e-04 37,415 tok/s (29% trained)
step    600 loss 1.4792 gnorm 0.52 lr 1.00e-03 50,922 tok/s (29% trained)
step    700 loss 1.4400 gnorm 0.36 lr 1.00e-03 62,071 tok/s (29% trained)
step    800 loss 1.4111 gnorm 0.34 lr 9.99e-04 64,034 tok/s (30% trained)
step    900 loss 1.3914 gnorm 0.41 lr 9.99e-04 64,841 tok/s (30% trained)
step   1000 loss 1.3700 gnorm 0.32 lr 9.99e-04 61,122 tok/s (29% trained)
step   1100 loss 1.3511 gnorm 0.33 lr 9.98e-04 62,900 tok/s (30% trained)
step   1200 loss 1.3361 gnorm 0.39 lr 9.97e-04 62,284 tok/s (30% trained)
step   1300 loss 1.3202 gnorm 0.32 lr 9.96e-04 61,272 tok/s (30% trained)
step   1400 loss 1.3071 gnorm 0.29 lr 9.95e-04 59,633 tok/s (29% trained)
step   1500 loss 1.2906 gnorm 0.28 lr 9.94e-04 60,988 tok/s (29% trained)
step   1600 loss 1.2788 gnorm 0.27 lr 9.93e-04 59,870 tok/s (30% trained)
step   1700 loss 1.2671 gnorm 0.25 lr 9.92e-04 63,439 tok/s (30% trained)
step   1800 loss 1.2606 gnorm 0.26 lr 9.90e-04 64,520 tok/s (30% trained)
step   1900 loss 1.2475 gnorm 0.21 lr 9.89e-04 64,575 tok/s (30% trained)
step   2000 loss 1.2400 gnorm 0.28 lr 9.87e-04 65,610 tok/s (30% trained)
 test_1hop_ood: 1hop 19.5% (n=200) · all 19.5% (n=200)
       test_id: 2hop 52.5% (n=200) · 3hop 61.5% (n=200) · all 57.0% (n=400)
      test_ood: 2hop 55.5% (n=200) · 3hop 54.5% (n=200) · all 55.0% (n=400)
step   2100 loss 1.2281 gnorm 0.27 lr 9.85e-04 65,116 tok/s (29% trained)
step   2200 loss 1.2312 gnorm 0.28 lr 9.83e-04 66,502 tok/s (29% trained)
step   2300 loss 1.2213 gnorm 0.23 lr 9.81e-04 66,831 tok/s (29% trained)
step   2400 loss 1.2140 gnorm 0.21 lr 9.79e-04 66,596 tok/s (30% trained)
step   2500 loss 1.2110 gnorm 0.23 lr 9.77e-04 67,163 tok/s (30% trained)
step   2600 loss 1.2037 gnorm 0.24 lr 9.75e-04 68,759 tok/s (30% trained)
step   2700 loss 1.2026 gnorm 0.21 lr 9.72e-04 69,247 tok/s (31% trained)
step   2800 loss 1.1969 gnorm 0.22 lr 9.69e-04 70,956 tok/s (29% trained)
step   2900 loss 1.1946 gnorm 0.22 lr 9.67e-04 71,496 tok/s (30% trained)
step   3000 loss 1.1918 gnorm 0.21 lr 9.64e-04 71,511 tok/s (29% trained)
step   3100 loss 1.1897 gnorm 0.24 lr 9.61e-04 71,088 tok/s (30% trained)
step   3200 loss 1.1858 gnorm 0.19 lr 9.58e-04 71,911 tok/s (30% trained)
step   3300 loss 1.1849 gnorm 0.22 lr 9.55e-04 71,194 tok/s (30% trained)
step   3400 loss 1.1829 gnorm 0.19 lr 9.52e-04 62,526 tok/s (29% trained)
step   3500 loss 1.1786 gnorm 0.21 lr 9.48e-04 71,676 tok/s (29% trained)
step   3600 loss 1.1750 gnorm 0.20 lr 9.45e-04 71,891 tok/s (29% trained)
step   3700 loss 1.1736 gnorm 0.18 lr 9.42e-04 72,606 tok/s (29% trained)
step   3800 loss 1.1741 gnorm 0.18 lr 9.38e-04 72,918 tok/s (29% trained)
step   3900 loss 1.1721 gnorm 0.19 lr 9.34e-04 74,055 tok/s (29% trained)
step   4000 loss 1.1722 gnorm 0.16 lr 9.30e-04 72,260 tok/s (30% trained)
 test_1hop_ood: 1hop 91.5% (n=200) · all 91.5% (n=200)
       test_id: 2hop 83.0% (n=200) · 3hop 84.5% (n=200) · all 83.8% (n=400)
      test_ood: 2hop 82.5% (n=200) · 3hop 81.5% (n=200) · all 82.0% (n=400)
step   4100 loss 1.1657 gnorm 0.16 lr 9.26e-04 71,494 tok/s (29% trained)
step   4200 loss 1.1708 gnorm 0.19 lr 9.22e-04 71,056 tok/s (29% trained)
step   4300 loss 1.1668 gnorm 0.17 lr 9.18e-04 71,403 tok/s (29% trained)
step   4400 loss 1.1645 gnorm 0.19 lr 9.14e-04 71,304 tok/s (29% trained)
step   4500 loss 1.1658 gnorm 0.20 lr 9.10e-04 72,639 tok/s (30% trained)
step   4600 loss 1.1629 gnorm 0.20 lr 9.05e-04 71,467 tok/s (30% trained)
step   4700 loss 1.1662 gnorm 0.19 lr 9.01e-04 72,244 tok/s (30% trained)
step   4800 loss 1.1624 gnorm 0.21 lr 8.96e-04 71,156 tok/s (30% trained)
step   4900 loss 1.1629 gnorm 0.22 lr 8.92e-04 72,470 tok/s (30% trained)
step   5000 loss 1.1617 gnorm 0.18 lr 8.87e-04 71,159 tok/s (30% trained)
step   5100 loss 1.1597 gnorm 0.17 lr 8.82e-04 72,873 tok/s (30% trained)
step   5200 loss 1.1542 gnorm 0.20 lr 8.77e-04 73,295 tok/s (30% trained)
step   5300 loss 1.1571 gnorm 0.18 lr 8.72e-04 73,702 tok/s (30% trained)
step   5400 loss 1.1541 gnorm 0.19 lr 8.67e-04 74,249 tok/s (29% trained)
step   5500 loss 1.1527 gnorm 0.20 lr 8.62e-04 74,774 tok/s (29% trained)
step   5600 loss 1.1525 gnorm 0.19 lr 8.57e-04 75,081 tok/s (30% trained)
step   5700 loss 1.1502 gnorm 0.15 lr 8.51e-04 75,514 tok/s (30% trained)
step   5800 loss 1.1512 gnorm 0.20 lr 8.46e-04 75,919 tok/s (29% trained)
step   5900 loss 1.1504 gnorm 0.19 lr 8.40e-04 75,947 tok/s (30% trained)
step   6000 loss 1.1475 gnorm 0.18 lr 8.35e-04 75,625 tok/s (29% trained)
 test_1hop_ood: 1hop 93.0% (n=200) · all 93.0% (n=200)
       test_id: 2hop 88.5% (n=200) · 3hop 90.5% (n=200) · all 89.5% (n=400)
      test_ood: 2hop 84.0% (n=200) · 3hop 91.5% (n=200) · all 87.8% (n=400)
step   6100 loss 1.1457 gnorm 0.16 lr 8.29e-04 75,653 tok/s (30% trained)
step   6200 loss 1.1442 gnorm 0.16 lr 8.23e-04 75,125 tok/s (29% trained)
step   6300 loss 1.1413 gnorm 0.18 lr 8.17e-04 75,251 tok/s (29% trained)
step   6400 loss 1.1420 gnorm 0.16 lr 8.12e-04 74,454 tok/s (30% trained)
step   6500 loss 1.1398 gnorm 0.15 lr 8.06e-04 74,294 tok/s (30% trained)
step   6600 loss 1.1382 gnorm 0.17 lr 8.00e-04 73,579 tok/s (30% trained)
step   6700 loss 1.1353 gnorm 0.16 lr 7.94e-04 77,445 tok/s (29% trained)
step   6800 loss 1.1356 gnorm 0.71 lr 7.87e-04 77,413 tok/s (30% trained)
step   6900 loss 1.1319 gnorm 0.19 lr 7.81e-04 77,495 tok/s (29% trained)
step   7000 loss 1.1309 gnorm 0.17 lr 7.75e-04 77,966 tok/s (29% trained)
step   7100 loss 1.1268 gnorm 0.17 lr 7.69e-04 77,943 tok/s (29% trained)
step   7200 loss 1.1263 gnorm 0.17 lr 7.62e-04 77,528 tok/s (29% trained)
step   7300 loss 1.1249 gnorm 0.16 lr 7.56e-04 78,529 tok/s (30% trained)
step   7400 loss 1.1220 gnorm 0.17 lr 7.50e-04 78,247 tok/s (30% trained)
step   7500 loss 1.1188 gnorm 0.17 lr 7.43e-04 74,999 tok/s (30% trained)
step   7600 loss 1.1151 gnorm 0.18 lr 7.36e-04 75,426 tok/s (30% trained)
step   7700 loss 1.1145 gnorm 0.17 lr 7.30e-04 73,803 tok/s (29% trained)
step   7800 loss 1.1135 gnorm 0.15 lr 7.23e-04 75,710 tok/s (30% trained)
step   7900 loss 1.1106 gnorm 0.17 lr 7.16e-04 77,368 tok/s (29% trained)
step   8000 loss 1.1055 gnorm 0.17 lr 7.10e-04 77,484 tok/s (29% trained)
 test_1hop_ood: 1hop 94.0% (n=200) · all 94.0% (n=200)
       test_id: 2hop 91.5% (n=200) · 3hop 92.0% (n=200) · all 91.8% (n=400)
      test_ood: 2hop 86.5% (n=200) · 3hop 92.0% (n=200) · all 89.2% (n=400)
step   8100 loss 1.1057 gnorm 0.30 lr 7.03e-04 77,988 tok/s (29% trained)
step   8200 loss 1.1050 gnorm 0.18 lr 6.96e-04 77,033 tok/s (30% trained)
step   8300 loss 1.1024 gnorm 0.15 lr 6.89e-04 77,004 tok/s (29% trained)
step   8400 loss 1.0971 gnorm 0.17 lr 6.82e-04 76,593 tok/s (29% trained)
step   8500 loss 1.1004 gnorm 0.19 lr 6.75e-04 77,461 tok/s (30% trained)
step   8600 loss 1.0936 gnorm 0.17 lr 6.68e-04 77,110 tok/s (29% trained)
step   8700 loss 1.0944 gnorm 0.17 lr 6.61e-04 77,478 tok/s (29% trained)
step   8800 loss 1.0945 gnorm 0.18 lr 6.54e-04 78,201 tok/s (30% trained)
step   8900 loss 1.0898 gnorm 0.19 lr 6.47e-04 78,487 tok/s (30% trained)
step   9000 loss 1.0902 gnorm 0.16 lr 6.40e-04 79,096 tok/s (30% trained)
step   9100 loss 1.0898 gnorm 0.16 lr 6.33e-04 78,874 tok/s (30% trained)
step   9200 loss 1.0873 gnorm 0.17 lr 6.26e-04 79,292 tok/s (30% trained)
step   9300 loss 1.0882 gnorm 0.17 lr 6.19e-04 79,590 tok/s (30% trained)
step   9400 loss 1.0817 gnorm 0.16 lr 6.12e-04 79,775 tok/s (29% trained)
step   9500 loss 1.0858 gnorm 0.19 lr 6.04e-04 79,764 tok/s (30% trained)
step   9600 loss 1.0790 gnorm 0.17 lr 5.97e-04 80,101 tok/s (30% trained)
step   9700 loss 1.0799 gnorm 0.16 lr 5.90e-04 80,258 tok/s (30% trained)
step   9800 loss 1.0802 gnorm 0.18 lr 5.83e-04 79,524 tok/s (30% trained)
step   9900 loss 1.0774 gnorm 0.19 lr 5.75e-04 80,355 tok/s (29% trained)
step  10000 loss 1.0746 gnorm 0.17 lr 5.68e-04 80,268 tok/s (29% trained)
 test_1hop_ood: 1hop 97.0% (n=200) · all 97.0% (n=200)
       test_id: 2hop 95.0% (n=200) · 3hop 96.5% (n=200) · all 95.8% (n=400)
      test_ood: 2hop 93.5% (n=200) · 3hop 95.5% (n=200) · all 94.5% (n=400)
step  10100 loss 1.0751 gnorm 0.18 lr 5.61e-04 75,327 tok/s (30% trained)
step  10200 loss 1.0733 gnorm 0.20 lr 5.54e-04 74,468 tok/s (29% trained)
step  10300 loss 1.0712 gnorm 0.19 lr 5.46e-04 76,952 tok/s (30% trained)
step  10400 loss 1.0713 gnorm 0.17 lr 5.39e-04 78,952 tok/s (30% trained)
step  10500 loss 1.0701 gnorm 0.15 lr 5.32e-04 79,440 tok/s (29% trained)
step  10600 loss 1.0675 gnorm 0.18 lr 5.25e-04 79,601 tok/s (29% trained)
step  10700 loss 1.0671 gnorm 0.17 lr 5.17e-04 78,885 tok/s (30% trained)
step  10800 loss 1.0657 gnorm 0.18 lr 5.10e-04 79,495 tok/s (30% trained)
step  10900 loss 1.0637 gnorm 0.17 lr 5.03e-04 79,615 tok/s (30% trained)
step  11000 loss 1.0611 gnorm 0.19 lr 4.96e-04 79,561 tok/s (29% trained)
step  11100 loss 1.0624 gnorm 0.18 lr 4.89e-04 79,360 tok/s (30% trained)
step  11200 loss 1.0593 gnorm 0.17 lr 4.81e-04 74,273 tok/s (29% trained)
step  11300 loss 1.0581 gnorm 0.19 lr 4.74e-04 75,451 tok/s (30% trained)
step  11400 loss 1.0555 gnorm 0.20 lr 4.67e-04 76,014 tok/s (29% trained)
step  11500 loss 1.0556 gnorm 0.18 lr 4.60e-04 74,617 tok/s (30% trained)
step  11600 loss 1.0511 gnorm 0.17 lr 4.53e-04 70,131 tok/s (29% trained)
step  11700 loss 1.0521 gnorm 0.17 lr 4.46e-04 68,374 tok/s (30% trained)
step  11800 loss 1.0500 gnorm 0.18 lr 4.39e-04 74,803 tok/s (29% trained)
step  11900 loss 1.0487 gnorm 0.19 lr 4.32e-04 76,484 tok/s (30% trained)
step  12000 loss 1.0464 gnorm 0.21 lr 4.25e-04 73,891 tok/s (30% trained)
 test_1hop_ood: 1hop 94.5% (n=200) · all 94.5% (n=200)
       test_id: 2hop 97.5% (n=200) · 3hop 96.5% (n=200) · all 97.0% (n=400)
      test_ood: 2hop 94.5% (n=200) · 3hop 96.0% (n=200) · all 95.2% (n=400)
step  12100 loss 1.0431 gnorm 0.18 lr 4.18e-04 71,844 tok/s (30% trained)
step  12200 loss 1.0434 gnorm 0.18 lr 4.11e-04 75,799 tok/s (30% trained)
step  12300 loss 1.0403 gnorm 0.18 lr 4.04e-04 77,620 tok/s (30% trained)
step  12400 loss 1.0417 gnorm 0.20 lr 3.97e-04 76,291 tok/s (30% trained)
step  12500 loss 1.0367 gnorm 0.20 lr 3.90e-04 74,458 tok/s (29% trained)
step  12600 loss 1.0369 gnorm 0.18 lr 3.84e-04 73,675 tok/s (30% trained)
step  12700 loss 1.0323 gnorm 0.19 lr 3.77e-04 74,222 tok/s (29% trained)
step  12800 loss 1.0284 gnorm 0.18 lr 3.70e-04 76,809 tok/s (29% trained)
step  12900 loss 1.0291 gnorm 0.18 lr 3.64e-04 75,420 tok/s (30% trained)
step  13000 loss 1.0286 gnorm 0.21 lr 3.57e-04 78,103 tok/s (30% trained)
step  13100 loss 1.0258 gnorm 0.23 lr 3.51e-04 75,757 tok/s (30% trained)
step  13200 loss 1.0236 gnorm 0.20 lr 3.44e-04 76,974 tok/s (30% trained)
step  13300 loss 1.0211 gnorm 0.24 lr 3.38e-04 73,836 tok/s (29% trained)
step  13400 loss 1.0190 gnorm 0.19 lr 3.31e-04 79,004 tok/s (29% trained)
step  13500 loss 1.0160 gnorm 0.20 lr 3.25e-04 77,242 tok/s (29% trained)
step  13600 loss 1.0179 gnorm 0.20 lr 3.19e-04 78,330 tok/s (30% trained)
step  13700 loss 1.0152 gnorm 0.22 lr 3.13e-04 77,326 tok/s (30% trained)
step  13800 loss 1.0118 gnorm 0.24 lr 3.06e-04 76,258 tok/s (30% trained)
step  13900 loss 1.0098 gnorm 0.23 lr 3.00e-04 78,833 tok/s (30% trained)
step  14000 loss 1.0096 gnorm 0.21 lr 2.94e-04 80,314 tok/s (30% trained)
 test_1hop_ood: 1hop 96.5% (n=200) · all 96.5% (n=200)
       test_id: 2hop 97.5% (n=200) · 3hop 96.0% (n=200) · all 96.8% (n=400)
      test_ood: 2hop 95.5% (n=200) · 3hop 94.5% (n=200) · all 95.0% (n=400)
step  14100 loss 1.0027 gnorm 0.23 lr 2.88e-04 80,207 tok/s (30% trained)
step  14200 loss 1.0026 gnorm 0.18 lr 2.83e-04 80,030 tok/s (30% trained)
step  14300 loss 1.0015 gnorm 0.21 lr 2.77e-04 80,052 tok/s (30% trained)
step  14400 loss 0.9997 gnorm 0.22 lr 2.71e-04 80,778 tok/s (30% trained)
step  14500 loss 0.9972 gnorm 0.22 lr 2.65e-04 80,842 tok/s (30% trained)
step  14600 loss 0.9941 gnorm 0.21 lr 2.60e-04 80,892 tok/s (30% trained)
step  14700 loss 0.9905 gnorm 0.21 lr 2.54e-04 81,031 tok/s (30% trained)
step  14800 loss 0.9884 gnorm 0.22 lr 2.49e-04 80,943 tok/s (29% trained)
step  14900 loss 0.9860 gnorm 0.25 lr 2.44e-04 81,326 tok/s (29% trained)
step  15000 loss 0.9856 gnorm 0.24 lr 2.38e-04 81,242 tok/s (30% trained)
step  15100 loss 0.9809 gnorm 0.24 lr 2.33e-04 80,915 tok/s (30% trained)
step  15200 loss 0.9816 gnorm 0.22 lr 2.28e-04 81,222 tok/s (30% trained)
step  15300 loss 0.9798 gnorm 0.24 lr 2.23e-04 81,504 tok/s (29% trained)
step  15400 loss 0.9792 gnorm 0.23 lr 2.18e-04 81,532 tok/s (30% trained)
step  15500 loss 0.9750 gnorm 0.23 lr 2.13e-04 81,478 tok/s (30% trained)
step  15600 loss 0.9744 gnorm 0.25 lr 2.08e-04 81,704 tok/s (30% trained)
step  15700 loss 0.9696 gnorm 0.25 lr 2.04e-04 81,656 tok/s (29% trained)
step  15800 loss 0.9708 gnorm 0.24 lr 1.99e-04 81,658 tok/s (30% trained)
step  15900 loss 0.9652 gnorm 0.23 lr 1.95e-04 81,668 tok/s (30% trained)
step  16000 loss 0.9625 gnorm 0.28 lr 1.90e-04 81,652 tok/s (30% trained)
 test_1hop_ood: 1hop 98.5% (n=200) · all 98.5% (n=200)
       test_id: 2hop 97.0% (n=200) · 3hop 96.0% (n=200) · all 96.5% (n=400)
      test_ood: 2hop 96.0% (n=200) · 3hop 97.0% (n=200) · all 96.5% (n=400)
step  16100 loss 0.9647 gnorm 0.25 lr 1.86e-04 77,955 tok/s (29% trained)
step  16200 loss 0.9618 gnorm 0.31 lr 1.82e-04 78,295 tok/s (30% trained)
step  16300 loss 0.9591 gnorm 0.27 lr 1.78e-04 80,801 tok/s (30% trained)
step  16400 loss 0.9556 gnorm 0.23 lr 1.74e-04 80,729 tok/s (29% trained)
step  16500 loss 0.9553 gnorm 0.26 lr 1.70e-04 80,837 tok/s (30% trained)
step  16600 loss 0.9564 gnorm 0.27 lr 1.66e-04 78,813 tok/s (30% trained)
step  16700 loss 0.9511 gnorm 0.26 lr 1.62e-04 80,059 tok/s (30% trained)
step  16800 loss 0.9510 gnorm 0.27 lr 1.59e-04 69,064 tok/s (30% trained)
step  16900 loss 0.9500 gnorm 0.25 lr 1.55e-04 69,274 tok/s (29% trained)
step  17000 loss 0.9431 gnorm 0.26 lr 1.52e-04 69,907 tok/s (29% trained)
step  17100 loss 0.9436 gnorm 0.27 lr 1.48e-04 70,784 tok/s (30% trained)
step  17200 loss 0.9435 gnorm 0.26 lr 1.45e-04 71,134 tok/s (29% trained)
step  17300 loss 0.9401 gnorm 0.27 lr 1.42e-04 71,926 tok/s (30% trained)
step  17400 loss 0.9373 gnorm 0.29 lr 1.39e-04 79,892 tok/s (29% trained)
step  17500 loss 0.9375 gnorm 0.26 lr 1.36e-04 77,200 tok/s (30% trained)
step  17600 loss 0.9357 gnorm 0.29 lr 1.33e-04 80,144 tok/s (30% trained)
step  17700 loss 0.9338 gnorm 0.29 lr 1.31e-04 80,505 tok/s (30% trained)
step  17800 loss 0.9315 gnorm 0.23 lr 1.28e-04 80,766 tok/s (30% trained)
step  17900 loss 0.9332 gnorm 0.30 lr 1.26e-04 79,650 tok/s (30% trained)
step  18000 loss 0.9312 gnorm 0.30 lr 1.23e-04 78,977 tok/s (30% trained)
 test_1hop_ood: 1hop 98.5% (n=200) · all 98.5% (n=200)
       test_id: 2hop 97.0% (n=200) · 3hop 98.0% (n=200) · all 97.5% (n=400)
      test_ood: 2hop 97.0% (n=200) · 3hop 97.5% (n=200) · all 97.2% (n=400)
step  18100 loss 0.9275 gnorm 0.29 lr 1.21e-04 82,593 tok/s (29% trained)
step  18200 loss 0.9277 gnorm 0.29 lr 1.19e-04 79,960 tok/s (30% trained)
step  18300 loss 0.9255 gnorm 0.29 lr 1.17e-04 80,231 tok/s (29% trained)
step  18400 loss 0.9235 gnorm 0.30 lr 1.15e-04 76,526 tok/s (30% trained)
step  18500 loss 0.9221 gnorm 0.28 lr 1.13e-04 80,265 tok/s (30% trained)
step  18600 loss 0.9187 gnorm 0.27 lr 1.11e-04 80,572 tok/s (29% trained)
step  18700 loss 0.9205 gnorm 0.32 lr 1.10e-04 80,771 tok/s (29% trained)
step  18800 loss 0.9180 gnorm 0.28 lr 1.08e-04 80,867 tok/s (29% trained)
step  18900 loss 0.9157 gnorm 0.31 lr 1.07e-04 80,847 tok/s (29% trained)
step  19000 loss 0.9124 gnorm 0.31 lr 1.06e-04 81,590 tok/s (30% trained)
step  19100 loss 0.9152 gnorm 0.29 lr 1.05e-04 80,782 tok/s (30% trained)
step  19200 loss 0.9109 gnorm 0.29 lr 1.04e-04 81,858 tok/s (30% trained)
step  19300 loss 0.9101 gnorm 0.33 lr 1.03e-04 81,750 tok/s (29% trained)
step  19400 loss 0.9091 gnorm 0.31 lr 1.02e-04 81,490 tok/s (30% trained)
step  19500 loss 0.9101 gnorm 0.32 lr 1.01e-04 81,762 tok/s (30% trained)
step  19600 loss 0.9083 gnorm 0.37 lr 1.01e-04 82,105 tok/s (29% trained)
step  19700 loss 0.9043 gnorm 0.33 lr 1.01e-04 81,990 tok/s (30% trained)
step  19800 loss 0.9055 gnorm 0.30 lr 1.00e-04 82,297 tok/s (30% trained)
step  19900 loss 0.9047 gnorm 0.40 lr 1.00e-04 82,094 tok/s (29% trained)
step  20000 loss 0.9045 gnorm 0.27 lr 1.00e-04 81,977 tok/s (30% trained)
 test_1hop_ood: 1hop 99.0% (n=200) · all 99.0% (n=200)
       test_id: 2hop 98.0% (n=200) · 3hop 97.5% (n=200) · all 97.8% (n=400)
      test_ood: 2hop 96.0% (n=200) · 3hop 97.0% (n=200) · all 96.5% (n=400)
saved runs/context-multi-bios-20k/checkpoints/final

[exited with code 0]
