dense: 25.5M params, 544 tokens, mix [('bios', 0.5), ('qa', 0.5)], 10000 steps × 64×256
step    100 loss 4.4953 gnorm 1.76 lr 1.98e-04 64,876 tok/s (70% trained)
step    200 loss 2.0193 gnorm 0.88 lr 3.98e-04 66,520 tok/s (70% trained)
step    300 loss 1.2728 gnorm 0.42 lr 5.98e-04 64,453 tok/s (70% trained)
step    400 loss 1.1827 gnorm 0.37 lr 7.98e-04 66,550 tok/s (70% trained)
step    500 loss 1.1367 gnorm 0.30 lr 9.98e-04 66,351 tok/s (70% trained)
step    600 loss 1.0908 gnorm 0.25 lr 1.00e-03 66,485 tok/s (70% trained)
step    700 loss 1.0239 gnorm 0.25 lr 9.99e-04 65,777 tok/s (70% trained)
step    800 loss 0.9468 gnorm 0.40 lr 9.98e-04 62,098 tok/s (70% trained)
step    900 loss 0.8734 gnorm 0.23 lr 9.96e-04 62,012 tok/s (70% trained)
step   1000 loss 0.8126 gnorm 0.23 lr 9.94e-04 62,179 tok/s (70% trained)
step   1100 loss 0.7660 gnorm 0.22 lr 9.91e-04 61,929 tok/s (70% trained)
step   1200 loss 0.7285 gnorm 0.22 lr 9.88e-04 62,654 tok/s (70% trained)
step   1300 loss 0.6945 gnorm 0.22 lr 9.84e-04 65,668 tok/s (70% trained)
step   1400 loss 0.6516 gnorm 0.26 lr 9.80e-04 66,618 tok/s (70% trained)
step   1500 loss 0.6031 gnorm 0.25 lr 9.76e-04 63,977 tok/s (70% trained)
step   1600 loss 0.5480 gnorm 0.23 lr 9.71e-04 63,622 tok/s (70% trained)
step   1700 loss 0.4997 gnorm 0.24 lr 9.65e-04 64,081 tok/s (70% trained)
step   1800 loss 0.4606 gnorm 0.27 lr 9.59e-04 61,596 tok/s (70% trained)
step   1900 loss 0.4347 gnorm 0.23 lr 9.53e-04 61,893 tok/s (70% trained)
step   2000 loss 0.4165 gnorm 0.21 lr 9.46e-04 62,353 tok/s (71% trained)
 test_1hop_ood: 1hop 74.5% (n=200) · all 74.5% (n=200)
       test_id: 2hop 5.5% (n=200) · 3hop 11.0% (n=200) · all 8.2% (n=400)
      test_ood: 2hop 6.5% (n=200) · 3hop 5.0% (n=200) · all 5.8% (n=400)
step   2100 loss 0.4075 gnorm 0.22 lr 9.39e-04 62,739 tok/s (70% trained)
step   2200 loss 0.3991 gnorm 0.20 lr 9.31e-04 62,681 tok/s (70% trained)
step   2300 loss 0.3955 gnorm 0.21 lr 9.23e-04 62,535 tok/s (70% trained)
step   2400 loss 0.3882 gnorm 0.19 lr 9.14e-04 63,241 tok/s (70% trained)
step   2500 loss 0.3877 gnorm 0.19 lr 9.05e-04 67,380 tok/s (70% trained)
step   2600 loss 0.3805 gnorm 0.21 lr 8.96e-04 64,096 tok/s (70% trained)
step   2700 loss 0.3789 gnorm 0.19 lr 8.86e-04 64,825 tok/s (70% trained)
step   2800 loss 0.3776 gnorm 0.20 lr 8.76e-04 64,928 tok/s (70% trained)
step   2900 loss 0.3740 gnorm 0.17 lr 8.66e-04 68,147 tok/s (70% trained)
step   3000 loss 0.3731 gnorm 0.15 lr 8.55e-04 66,219 tok/s (70% trained)
step   3100 loss 0.3716 gnorm 0.14 lr 8.44e-04 64,679 tok/s (70% trained)
step   3200 loss 0.3686 gnorm 0.16 lr 8.32e-04 64,265 tok/s (71% trained)
step   3300 loss 0.3677 gnorm 0.17 lr 8.21e-04 65,282 tok/s (70% trained)
step   3400 loss 0.3664 gnorm 0.13 lr 8.09e-04 65,394 tok/s (70% trained)
step   3500 loss 0.3650 gnorm 0.14 lr 7.96e-04 68,669 tok/s (70% trained)
step   3600 loss 0.3643 gnorm 0.12 lr 7.84e-04 68,355 tok/s (70% trained)
step   3700 loss 0.3620 gnorm 0.15 lr 7.71e-04 66,413 tok/s (70% trained)
step   3800 loss 0.3610 gnorm 0.15 lr 7.58e-04 66,944 tok/s (70% trained)
step   3900 loss 0.3589 gnorm 0.11 lr 7.44e-04 67,669 tok/s (70% trained)
step   4000 loss 0.3588 gnorm 0.12 lr 7.31e-04 68,005 tok/s (70% trained)
 test_1hop_ood: 1hop 94.0% (n=200) · all 94.0% (n=200)
       test_id: 2hop 7.0% (n=200) · 3hop 8.0% (n=200) · all 7.5% (n=400)
      test_ood: 2hop 6.0% (n=200) · 3hop 4.5% (n=200) · all 5.2% (n=400)
step   4100 loss 0.3569 gnorm 0.12 lr 7.17e-04 66,941 tok/s (70% trained)
step   4200 loss 0.3567 gnorm 0.13 lr 7.03e-04 66,572 tok/s (70% trained)
step   4300 loss 0.3555 gnorm 0.13 lr 6.89e-04 66,004 tok/s (71% trained)
step   4400 loss 0.3551 gnorm 0.11 lr 6.75e-04 68,186 tok/s (70% trained)
step   4500 loss 0.3541 gnorm 0.10 lr 6.61e-04 66,299 tok/s (70% trained)
step   4600 loss 0.3528 gnorm 0.12 lr 6.46e-04 63,446 tok/s (70% trained)
step   4700 loss 0.3525 gnorm 0.11 lr 6.32e-04 67,481 tok/s (70% trained)
step   4800 loss 0.3508 gnorm 0.10 lr 6.17e-04 64,476 tok/s (71% trained)
step   4900 loss 0.3519 gnorm 0.10 lr 6.02e-04 69,355 tok/s (70% trained)
step   5000 loss 0.3508 gnorm 0.10 lr 5.87e-04 71,626 tok/s (70% trained)
step   5100 loss 0.3506 gnorm 0.11 lr 5.72e-04 68,888 tok/s (70% trained)
step   5200 loss 0.3482 gnorm 0.11 lr 5.58e-04 68,320 tok/s (70% trained)
step   5300 loss 0.3491 gnorm 0.09 lr 5.43e-04 70,567 tok/s (70% trained)
step   5400 loss 0.3472 gnorm 0.10 lr 5.28e-04 72,259 tok/s (70% trained)
step   5500 loss 0.3479 gnorm 0.09 lr 5.13e-04 71,985 tok/s (70% trained)
step   5600 loss 0.3466 gnorm 0.09 lr 4.98e-04 69,874 tok/s (70% trained)
step   5700 loss 0.3467 gnorm 0.10 lr 4.83e-04 67,277 tok/s (70% trained)
step   5800 loss 0.3455 gnorm 0.11 lr 4.69e-04 67,777 tok/s (70% trained)
step   5900 loss 0.3455 gnorm 0.15 lr 4.54e-04 71,218 tok/s (70% trained)
step   6000 loss 0.3437 gnorm 0.11 lr 4.40e-04 72,336 tok/s (70% trained)
 test_1hop_ood: 1hop 100.0% (n=200) · all 100.0% (n=200)
       test_id: 2hop 8.0% (n=200) · 3hop 10.5% (n=200) · all 9.2% (n=400)
      test_ood: 2hop 5.5% (n=200) · 3hop 7.0% (n=200) · all 6.2% (n=400)
step   6100 loss 0.3447 gnorm 0.10 lr 4.25e-04 71,072 tok/s (70% trained)
step   6200 loss 0.3427 gnorm 0.10 lr 4.11e-04 72,472 tok/s (70% trained)
step   6300 loss 0.3421 gnorm 0.08 lr 3.97e-04 72,746 tok/s (70% trained)
step   6400 loss 0.3413 gnorm 0.11 lr 3.83e-04 72,726 tok/s (70% trained)
step   6500 loss 0.3405 gnorm 0.09 lr 3.69e-04 72,683 tok/s (70% trained)
step   6600 loss 0.3399 gnorm 0.10 lr 3.56e-04 72,866 tok/s (71% trained)
step   6700 loss 0.3394 gnorm 0.08 lr 3.43e-04 72,958 tok/s (70% trained)
step   6800 loss 0.3387 gnorm 0.07 lr 3.29e-04 70,655 tok/s (70% trained)
step   6900 loss 0.3382 gnorm 0.08 lr 3.17e-04 70,844 tok/s (70% trained)
step   7000 loss 0.3390 gnorm 0.09 lr 3.04e-04 70,474 tok/s (70% trained)
step   7100 loss 0.3383 gnorm 0.08 lr 2.92e-04 70,773 tok/s (70% trained)
step   7200 loss 0.3365 gnorm 0.07 lr 2.80e-04 66,333 tok/s (70% trained)
step   7300 loss 0.3362 gnorm 0.08 lr 2.68e-04 68,152 tok/s (70% trained)
step   7400 loss 0.3353 gnorm 0.08 lr 2.56e-04 67,466 tok/s (70% trained)
step   7500 loss 0.3357 gnorm 0.09 lr 2.45e-04 67,580 tok/s (70% trained)
step   7600 loss 0.3345 gnorm 0.09 lr 2.35e-04 69,158 tok/s (70% trained)
step   7700 loss 0.3342 gnorm 0.08 lr 2.24e-04 70,621 tok/s (70% trained)
step   7800 loss 0.3331 gnorm 0.08 lr 2.14e-04 68,446 tok/s (70% trained)
step   7900 loss 0.3313 gnorm 0.08 lr 2.04e-04 67,561 tok/s (71% trained)
step   8000 loss 0.3304 gnorm 0.08 lr 1.95e-04 68,007 tok/s (70% trained)
 test_1hop_ood: 1hop 100.0% (n=200) · all 100.0% (n=200)
       test_id: 2hop 7.0% (n=200) · 3hop 15.0% (n=200) · all 11.0% (n=400)
      test_ood: 2hop 7.0% (n=200) · 3hop 7.5% (n=200) · all 7.2% (n=400)
step   8100 loss 0.3311 gnorm 0.09 lr 1.86e-04 63,862 tok/s (70% trained)
step   8200 loss 0.3310 gnorm 0.09 lr 1.77e-04 66,708 tok/s (70% trained)
step   8300 loss 0.3298 gnorm 0.09 lr 1.69e-04 66,576 tok/s (70% trained)
step   8400 loss 0.3288 gnorm 0.09 lr 1.62e-04 67,445 tok/s (70% trained)
step   8500 loss 0.3289 gnorm 0.08 lr 1.54e-04 67,216 tok/s (70% trained)
step   8600 loss 0.3285 gnorm 0.09 lr 1.47e-04 64,715 tok/s (70% trained)
step   8700 loss 0.3271 gnorm 0.09 lr 1.41e-04 69,530 tok/s (70% trained)
step   8800 loss 0.3275 gnorm 0.09 lr 1.35e-04 69,515 tok/s (70% trained)
step   8900 loss 0.3265 gnorm 0.12 lr 1.29e-04 68,747 tok/s (70% trained)
step   9000 loss 0.3261 gnorm 0.10 lr 1.24e-04 66,059 tok/s (70% trained)
step   9100 loss 0.3252 gnorm 0.09 lr 1.20e-04 66,966 tok/s (70% trained)
step   9200 loss 0.3250 gnorm 0.10 lr 1.16e-04 65,690 tok/s (70% trained)
step   9300 loss 0.3255 gnorm 0.09 lr 1.12e-04 65,559 tok/s (70% trained)
step   9400 loss 0.3245 gnorm 0.09 lr 1.09e-04 65,057 tok/s (70% trained)
step   9500 loss 0.3239 gnorm 0.09 lr 1.06e-04 63,232 tok/s (70% trained)
step   9600 loss 0.3227 gnorm 0.08 lr 1.04e-04 65,763 tok/s (70% trained)
step   9700 loss 0.3236 gnorm 0.09 lr 1.02e-04 65,333 tok/s (70% trained)
step   9800 loss 0.3224 gnorm 0.10 lr 1.01e-04 65,327 tok/s (70% trained)
step   9900 loss 0.3218 gnorm 0.09 lr 1.00e-04 62,955 tok/s (70% trained)
step  10000 loss 0.3222 gnorm 0.09 lr 1.00e-04 60,361 tok/s (70% trained)
 test_1hop_ood: 1hop 100.0% (n=200) · all 100.0% (n=200)
       test_id: 2hop 9.5% (n=200) · 3hop 15.0% (n=200) · all 12.2% (n=400)
      test_ood: 2hop 5.5% (n=200) · 3hop 7.5% (n=200) · all 6.5% (n=400)
saved runs/dense-a/checkpoints/final
